Component: ARM Compiler 5.06 update 1 (build 61) Tool: armlink [4d35a8]

==============================================================================

Section Cross References

    stm32f10x_adc.o(i.ADC_DeInit) refers to stm32f10x_rcc.o(i.RCC_APB2PeriphResetCmd) for RCC_APB2PeriphResetCmd
    stm32f10x_bkp.o(i.BKP_DeInit) refers to stm32f10x_rcc.o(i.RCC_BackupResetCmd) for RCC_BackupResetCmd
    stm32f10x_can.o(i.CAN_DeInit) refers to stm32f10x_rcc.o(i.RCC_APB1PeriphResetCmd) for RCC_APB1PeriphResetCmd
    stm32f10x_can.o(i.CAN_GetITStatus) refers to stm32f10x_can.o(i.CheckITStatus) for CheckITStatus
    stm32f10x_cec.o(i.CEC_DeInit) refers to stm32f10x_rcc.o(i.RCC_APB1PeriphResetCmd) for RCC_APB1PeriphResetCmd
    stm32f10x_dac.o(i.DAC_DeInit) refers to stm32f10x_rcc.o(i.RCC_APB1PeriphResetCmd) for RCC_APB1PeriphResetCmd
    stm32f10x_flash.o(i.FLASH_EnableWriteProtection) refers to stm32f10x_flash.o(i.FLASH_WaitForLastOperation) for FLASH_WaitForLastOperation
    stm32f10x_flash.o(i.FLASH_EraseAllBank1Pages) refers to stm32f10x_flash.o(i.FLASH_WaitForLastBank1Operation) for FLASH_WaitForLastBank1Operation
    stm32f10x_flash.o(i.FLASH_EraseAllPages) refers to stm32f10x_flash.o(i.FLASH_WaitForLastOperation) for FLASH_WaitForLastOperation
    stm32f10x_flash.o(i.FLASH_EraseOptionBytes) refers to stm32f10x_flash.o(i.FLASH_GetReadOutProtectionStatus) for FLASH_GetReadOutProtectionStatus
    stm32f10x_flash.o(i.FLASH_EraseOptionBytes) refers to stm32f10x_flash.o(i.FLASH_WaitForLastOperation) for FLASH_WaitForLastOperation
    stm32f10x_flash.o(i.FLASH_ErasePage) refers to stm32f10x_flash.o(i.FLASH_WaitForLastOperation) for FLASH_WaitForLastOperation
    stm32f10x_flash.o(i.FLASH_ProgramHalfWord) refers to stm32f10x_flash.o(i.FLASH_WaitForLastOperation) for FLASH_WaitForLastOperation
    stm32f10x_flash.o(i.FLASH_ProgramOptionByteData) refers to stm32f10x_flash.o(i.FLASH_WaitForLastOperation) for FLASH_WaitForLastOperation
    stm32f10x_flash.o(i.FLASH_ProgramWord) refers to stm32f10x_flash.o(i.FLASH_WaitForLastOperation) for FLASH_WaitForLastOperation
    stm32f10x_flash.o(i.FLASH_ReadOutProtection) refers to stm32f10x_flash.o(i.FLASH_WaitForLastOperation) for FLASH_WaitForLastOperation
    stm32f10x_flash.o(i.FLASH_UserOptionByteConfig) refers to stm32f10x_flash.o(i.FLASH_WaitForLastOperation) for FLASH_WaitForLastOperation
    stm32f10x_flash.o(i.FLASH_WaitForLastBank1Operation) refers to stm32f10x_flash.o(i.FLASH_GetBank1Status) for FLASH_GetBank1Status
    stm32f10x_flash.o(i.FLASH_WaitForLastOperation) refers to stm32f10x_flash.o(i.FLASH_GetBank1Status) for FLASH_GetBank1Status
    stm32f10x_gpio.o(i.GPIO_AFIODeInit) refers to stm32f10x_rcc.o(i.RCC_APB2PeriphResetCmd) for RCC_APB2PeriphResetCmd
    stm32f10x_gpio.o(i.GPIO_DeInit) refers to stm32f10x_rcc.o(i.RCC_APB2PeriphResetCmd) for RCC_APB2PeriphResetCmd
    stm32f10x_i2c.o(i.I2C_DeInit) refers to stm32f10x_rcc.o(i.RCC_APB1PeriphResetCmd) for RCC_APB1PeriphResetCmd
    stm32f10x_i2c.o(i.I2C_Init) refers to stm32f10x_rcc.o(i.RCC_GetClocksFreq) for RCC_GetClocksFreq
    stm32f10x_pwr.o(i.PWR_DeInit) refers to stm32f10x_rcc.o(i.RCC_APB1PeriphResetCmd) for RCC_APB1PeriphResetCmd
    stm32f10x_rcc.o(i.RCC_GetClocksFreq) refers to stm32f10x_rcc.o(.data) for APBAHBPrescTable
    stm32f10x_rcc.o(i.RCC_WaitForHSEStartUp) refers to stm32f10x_rcc.o(i.RCC_GetFlagStatus) for RCC_GetFlagStatus
    stm32f10x_rtc.o(i.RTC_SetAlarm) refers to stm32f10x_rtc.o(i.RTC_EnterConfigMode) for RTC_EnterConfigMode
    stm32f10x_rtc.o(i.RTC_SetAlarm) refers to stm32f10x_rtc.o(i.RTC_ExitConfigMode) for RTC_ExitConfigMode
    stm32f10x_rtc.o(i.RTC_SetCounter) refers to stm32f10x_rtc.o(i.RTC_EnterConfigMode) for RTC_EnterConfigMode
    stm32f10x_rtc.o(i.RTC_SetCounter) refers to stm32f10x_rtc.o(i.RTC_ExitConfigMode) for RTC_ExitConfigMode
    stm32f10x_rtc.o(i.RTC_SetPrescaler) refers to stm32f10x_rtc.o(i.RTC_EnterConfigMode) for RTC_EnterConfigMode
    stm32f10x_rtc.o(i.RTC_SetPrescaler) refers to stm32f10x_rtc.o(i.RTC_ExitConfigMode) for RTC_ExitConfigMode
    stm32f10x_spi.o(i.I2S_Init) refers to stm32f10x_rcc.o(i.RCC_GetClocksFreq) for RCC_GetClocksFreq
    stm32f10x_spi.o(i.SPI_I2S_DeInit) refers to stm32f10x_rcc.o(i.RCC_APB2PeriphResetCmd) for RCC_APB2PeriphResetCmd
    stm32f10x_spi.o(i.SPI_I2S_DeInit) refers to stm32f10x_rcc.o(i.RCC_APB1PeriphResetCmd) for RCC_APB1PeriphResetCmd
    stm32f10x_tim.o(i.TIM_DeInit) refers to stm32f10x_rcc.o(i.RCC_APB2PeriphResetCmd) for RCC_APB2PeriphResetCmd
    stm32f10x_tim.o(i.TIM_DeInit) refers to stm32f10x_rcc.o(i.RCC_APB1PeriphResetCmd) for RCC_APB1PeriphResetCmd
    stm32f10x_tim.o(i.TIM_ETRClockMode1Config) refers to stm32f10x_tim.o(i.TIM_ETRConfig) for TIM_ETRConfig
    stm32f10x_tim.o(i.TIM_ETRClockMode2Config) refers to stm32f10x_tim.o(i.TIM_ETRConfig) for TIM_ETRConfig
    stm32f10x_tim.o(i.TIM_ICInit) refers to stm32f10x_tim.o(i.TI1_Config) for TI1_Config
[...]
    .ARM.Collect$$_printf_percent$$00000010  0x08000202   Section        6  _printf_llo.o(.ARM.Collect$$_printf_percent$$00000010)
    .ARM.Collect$$_printf_percent$$00000011  0x08000208   Section        6  _printf_llx.o(.ARM.Collect$$_printf_percent$$00000011)
    .ARM.Collect$$_printf_percent$$00000012  0x0800020e   Section       10  _printf_l.o(.ARM.Collect$$_printf_percent$$00000012)
    .ARM.Collect$$_printf_percent$$00000013  0x08000218   Section        6  _printf_c.o(.ARM.Collect$$_printf_percent$$00000013)
    .ARM.Collect$$_printf_percent$$00000014  0x0800021e   Section        6  _printf_s.o(.ARM.Collect$$_printf_percent$$00000014)
    .ARM.Collect$$_printf_percent$$00000015  0x08000224   Section        6  _printf_lc.o(.ARM.Collect$$_printf_percent$$00000015)
    .ARM.Collect$$_printf_percent$$00000016  0x0800022a   Section        6  _printf_ls.o(.ARM.Collect$$_printf_percent$$00000016)
    .ARM.Collect$$_printf_percent$$00000017  0x08000230   Section        4  _printf_percent_end.o(.ARM.Collect$$_printf_percent$$00000017)
    .ARM.Collect$$libinit$$00000000          0x08000234   Section        2  libinit.o(.ARM.Collect$$libinit$$00000000)
    .ARM.Collect$$libinit$$00000002          0x08000236   Section        0  libinit2.o(.ARM.Collect$$libinit$$00000002)
    .ARM.Collect$$libinit$$00000004          0x08000236   Section        0  libinit2.o(.ARM.Collect$$libinit$$00000004)
    .ARM.Collect$$libinit$$0000000A          0x08000236   Section        0  libinit2.o(.ARM.Collect$$libinit$$0000000A)
    .ARM.Collect$$libinit$$0000000C          0x08000236   Section        0  libinit2.o(.ARM.Collect$$libinit$$0000000C)
    .ARM.Collect$$libinit$$0000000E          0x08000236   Section        0  libinit2.o(.ARM.Collect$$libinit$$0000000E)
    .ARM.Collect$$libinit$$0000000F          0x08000236   Section        6  libinit2.o(.ARM.Collect$$libinit$$0000000F)
    .ARM.Collect$$libinit$$00000011          0x0800023c   Section        0  libinit2.o(.ARM.Collect$$libinit$$00000011)
    .ARM.Collect$$libinit$$00000012          0x0800023c   Section       12  libinit2.o(.ARM.Collect$$libinit$$00000012)
    .ARM.Collect$$libinit$$00000013          0x08000248   Section        0  libinit2.o(.ARM.Collect$$libinit$$00000013)
    .ARM.Collect$$libinit$$00000015          0x08000248   Section        0  libinit2.o(.ARM.Collect$$libinit$$00000015)
    .ARM.Collect$$libinit$$00000016          0x08000248   Section       10  libinit2.o(.ARM.Collect$$libinit$$00000016)
    .ARM.Collect$$libinit$$00000017          0x08000252   Section        0  libinit2.o(.ARM.Collect$$libinit$$00000017)
    .ARM.Collect$$libinit$$00000019          0x08000252   Section        0  libinit2.o(.ARM.Collect$$libinit$$00000019)
    .ARM.Collect$$libinit$$0000001B          0x08000252   Section        0  libinit2.o(.ARM.Collect$$libinit$$0000001B)
    .ARM.Collect$$libinit$$0000001D          0x08000252   Section        0  libinit2.o(.ARM.Collect$$libinit$$0000001D)
    .ARM.Collect$$libinit$$0000001F          0x08000252   Section        0  libinit2.o(.ARM.Collect$$libinit$$0000001F)
    .ARM.Collect$$libinit$$00000021          0x08000252   Section        0  libinit2.o(.ARM.Collect$$libinit$$00000021)
    .ARM.Collect$$libinit$$00000023          0x08000252   Section        0  libinit2.o(.ARM.Collect$$libinit$$00000023)
    .ARM.Collect$$libinit$$00000025          0x08000252   Section        0  libinit2.o(.ARM.Collect$$libinit$$00000025)
    .ARM.Collect$$libinit$$0000002C          0x08000252   Section        0  libinit2.o(.ARM.Collect$$libinit$$0000002C)
    .ARM.Collect$$libinit$$0000002E          0x08000252   Section        0  libinit2.o(.ARM.Collect$$libinit$$0000002E)
    .ARM.Collect$$libinit$$00000030          0x08000252   Section        0  libinit2.o(.ARM.Collect$$libinit$$00000030)
    .ARM.Collect$$libinit$$00000032          0x08000252   Section        0  libinit2.o(.ARM.Collect$$libinit$$00000032)
    .ARM.Collect$$libinit$$00000033          0x08000252   Section        2  libinit2.o(.ARM.Collect$$libinit$$00000033)
    .ARM.Collect$$libshutdown$$00000000      0x08000254   Section        2  libshutdown.o(.ARM.Collect$$libshutdown$$00000000)
    .ARM.Collect$$libshutdown$$00000002      0x08000256   Section        0  libshutdown2.o(.ARM.Collect$$libshutdown$$00000002)
    .ARM.Collect$$libshutdown$$00000004      0x08000256   Section        0  libshutdown2.o(.ARM.Collect$$libshutdown$$00000004)
    .ARM.Collect$$libshutdown$$00000007      0x08000256   Section        0  libshutdown2.o(.ARM.Collect$$libshutdown$$00000007)
    .ARM.Collect$$libshutdown$$0000000A      0x08000256   Section        0  libshutdown2.o(.ARM.Collect$$libshutdown$$0000000A)
    .ARM.Collect$$libshutdown$$0000000C      0x08000256   Section        0  libshutdown2.o(.ARM.Collect$$libshutdown$$0000000C)
    .ARM.Collect$$libshutdown$$0000000F      0x08000256   Section        0  libshutdown2.o(.ARM.Collect$$libshutdown$$0000000F)
    .ARM.Collect$$libshutdown$$00000010      0x08000256   Section        2  libshutdown2.o(.ARM.Collect$$libshutdown$$00000010)
    .ARM.Collect$$rtentry$$00000000          0x08000258   Section        0  __rtentry.o(.ARM.Collect$$rtentry$$00000000)
    .ARM.Collect$$rtentry$$00000002          0x08000258   Section        0  __rtentry2.o(.ARM.Collect$$rtentry$$00000002)
    .ARM.Collect$$rtentry$$00000004          0x08000258   Section        6  __rtentry4.o(.ARM.Collect$$rtentry$$00000004)
    .ARM.Collect$$rtentry$$00000009          0x0800025e   Section        0  __rtentry2.o(.ARM.Collect$$rtentry$$00000009)
    .ARM.Collect$$rtentry$$0000000A          0x0800025e   Section        4  __rtentry2.o(.ARM.Collect$$rtentry$$0000000A)
    .ARM.Collect$$rtentry$$0000000C          0x08000262   Section        0  __rtentry2.o(.ARM.Collect$$rtentry$$0000000C)
    .ARM.Collect$$rtentry$$0000000D          0x08000262   Section        8  __rtentry2.o(.ARM.Collect$$rtentry$$0000000D)
    .ARM.Collect$$rtexit$$00000000           0x0800026a   Section        2  rtexit.o(.ARM.Collect$$rtexit$$00000000)
    .ARM.Collect$$rtexit$$00000002           0x0800026c   Section        0  rtexit2.o(.ARM.Collect$$rtexit$$00000002)
    .ARM.Collect$$rtexit$$00000003           0x0800026c   Section        4  rtexit2.o(.ARM.Collect$$rtexit$$00000003)
    .ARM.Collect$$rtexit$$00000004           0x08000270   Section        6  rtexit2.o(.ARM.Collect$$rtexit$$00000004)
    .text                                    0x08000278   Section       64  startup_stm32f10x_hd.o(.text)
    .text                                    0x080002b8   Section        2  use_no_semi_2.o(.text)
    .text                                    0x080002bc   Section        0  c89vsprintf.o(.text)
    .text                                    0x080002e0   Section        0  __2printf.o(.text)
    .text                                    0x080002f8   Section        0  __2sprintf.o(.text)
    .text                                    0x08000324   Section        0  _printf_str.o(.text)
    .text                                    0x08000378   Section        0  __printf_flags_ss_wp.o(.text)
    .text                                    0x08000500   Section        0  strstr.o(.text)
    .text                                    0x08000524   Section        0  strlen.o(.text)
    .text                                    0x08000562   Section        0  heapauxi.o(.text)
    .text                                    0x08000568   Section        2  use_no_semi.o(.text)
    .text                                    0x0800056a   Section        0  _printf_pad.o(.text)
    .text                                    0x080005b8   Section        0  _printf_truncate.o(.text)
    .text                                    0x080005dc   Section        0  _printf_dec.o(.text)
    .text                                    0x08000654   Section        0  _printf_charcount.o(.text)
    .text                                    0x0800067c   Section        0  _printf_char_common.o(.text)
    _printf_input_char                       0x0800067d   Thumb Code    10  _printf_char_common.o(.text)
    .text                                    0x080006ac   Section        0  _sputc.o(.text)
    .text                                    0x080006b6   Section        0  _printf_char.o(.text)
    .text                                    0x080006e4   Section        0  _printf_char_file.o(.text)
    .text                                    0x08000708   Section        0  _printf_wctomb.o(.text)
    .text                                    0x080007c4   Section        0  _printf_longlong_dec.o(.text)
    .text                                    0x08000840   Section        0  _printf_oct_int_ll.o(.text)
    _printf_longlong_oct_internal            0x08000841   Thumb Code     0  _printf_oct_int_ll.o(.text)
    .text                                    0x080008b0   Section        0  _printf_hex_int_ll_ptr.o(.text)
    _printf_hex_common                       0x080008b1   Thumb Code     0  _printf_hex_int_ll_ptr.o(.text)
    .text                                    0x08000944   Section      138  lludiv10.o(.text)
    .text                                    0x080009ce   Section        0  _printf_intcommon.o(.text)
    .text                                    0x08000a80   Section        0  _printf_fp_dec.o(.text)
    _fp_digits                               0x08000a83   Thumb Code   428  _printf_fp_dec.o(.text)
    .text                                    0x08000e9a   Section        0  _printf_wchar.o(.text)
    .text                                    0x08000ec6   Section        0  ferror.o(.text)
    .text                                    0x08000ece   Section        0  _wcrtomb.o(.text)
    .text                                    0x08000f0e   Section       74  sys_stackheap_outer.o(.text)
    .text                                    0x08000f58   Section       16  rt_ctype_table.o(.text)
    .text                                    0x08000f68   Section        8  rt_locale_intlibspace.o(.text)
    .text                                    0x08000f70   Section        0  _printf_fp_infnan.o(.text)
    .text                                    0x08000ff0   Section        0  bigflt0.o(.text)
    .text                                    0x080010cc   Section        0  exit.o(.text)
    .text                                    0x080010e0   Section        8  libspace.o(.text)
    .text                                    0x080010e8   Section      128  strcmpv7m.o(.text)
    CL$$btod_d2e                             0x08001168   Section       62  btod.o(CL$$btod_d2e)
    CL$$btod_d2e_denorm_low                  0x080011a6   Section       70  btod.o(CL$$btod_d2e_denorm_low)
    CL$$btod_d2e_norm_op1                    0x080011ec   Section       96  btod.o(CL$$btod_d2e_norm_op1)
    CL$$btod_div_common                      0x0800124c   Section      824  btod.o(CL$$btod_div_common)
    CL$$btod_e2e                             0x08001584   Section      198  btod.o(CL$$btod_e2e)
    CL$$btod_ediv                            0x0800164a   Section       40  btod.o(CL$$btod_ediv)
    CL$$btod_emul                            0x08001672   Section       40  btod.o(CL$$btod_emul)
    CL$$btod_mult_common                     0x0800169a   Section      580  btod.o(CL$$btod_mult_common)
    i.BKey_Init                              0x080018e0   Section        0  nano_broad.o(i.BKey_Init)
    i.BLed_Init                              0x08001918   Section        0  nano_broad.o(i.BLed_Init)
    i.EXTI0_IRQHandler                       0x08001970   Section        0  nano_broad.o(i.EXTI0_IRQHandler)
    i.EXTI15_10_IRQHandler                   0x080019b4   Section        0  nano_broad.o(i.EXTI15_10_IRQHandler)
    i.EXTI_ClearITPendingBit                 0x080019fc   Section        0  stm32f10x_exti.o(i.EXTI_ClearITPendingBit)
    i.EXTI_GetITStatus                       0x08001a08   Section        0  stm32f10x_exti.o(i.EXTI_GetITStatus)
    i.FSMC_NORSRAMCmd                        0x08001a30   Section        0  stm32f10x_fsmc.o(i.FSMC_NORSRAMCmd)
    i.FSMC_NORSRAMInit                       0x08001a64   Section        0  stm32f10x_fsmc.o(i.FSMC_NORSRAMInit)
    i.GPIO_Init                              0x08001b4a   Section        0  stm32f10x_gpio.o(i.GPIO_Init)
    i.GPIO_ReadInputDataBit                  0x08001c60   Section        0  stm32f10x_gpio.o(i.GPIO_ReadInputDataBit)
    i.GPIO_ResetBits                         0x08001c72   Section        0  stm32f10x_gpio.o(i.GPIO_ResetBits)
    i.GPIO_SetBits                           0x08001c76   Section        0  stm32f10x_gpio.o(i.GPIO_SetBits)
    i.LCD_Clear                              0x08001c7c   Section        0  song_lcd.o(i.LCD_Clear)
    i.LCD_Config                             0x08001ce8   Section        0  song_lcd.o(i.LCD_Config)
    i.LCD_DispChar                           0x08001cfc   Section        0  song_lcd.o(i.LCD_DispChar)
    i.LCD_DispStr                            0x08001d70   Section        0  song_lcd.o(i.LCD_DispStr)
    i.LCD_FSMC_Config                        0x08001dac   Section        0  song_lcd.o(i.LCD_FSMC_Config)
    i.LCD_GPIO_Config                        0x08001e08   Section        0  song_lcd.o(i.LCD_GPIO_Config)
    i.LCD_OpenWindow                         0x08001ecc   Section        0  song_lcd.o(i.LCD_OpenWindow)
    i.LCD_REG_Config                         0x08001f1c   Section        0  song_lcd.o(i.LCD_REG_Config)
    i.LCD_Rst                                0x08002104   Section        0  song_lcd.o(i.LCD_Rst)
    i.Lcd_Delay                              0x0800212c   Section        0  song_lcd.o(i.Lcd_Delay)
    i.Lcd_GramScan                           0x08002140   Section        0  song_lcd.o(i.Lcd_GramScan)
    i.NVIC_Configuration                     0x08002248   Section        0  song_io.o(i.NVIC_Configuration)
    i.NVIC_Init                              0x08002254   Section        0  misc.o(i.NVIC_Init)
    i.NVIC_PriorityGroupConfig               0x080022c4   Section        0  misc.o(i.NVIC_PriorityGroupConfig)
    i.RCC_AHBPeriphClockCmd                  0x080022d8   Section        0  stm32f10x_rcc.o(i.RCC_AHBPeriphClockCmd)
    i.RCC_APB1PeriphClockCmd                 0x080022f8   Section        0  stm32f10x_rcc.o(i.RCC_APB1PeriphClockCmd)
    i.RCC_APB1PeriphResetCmd                 0x08002318   Section        0  stm32f10x_rcc.o(i.RCC_APB1PeriphResetCmd)
    i.RCC_APB2PeriphClockCmd                 0x08002338   Section        0  stm32f10x_rcc.o(i.RCC_APB2PeriphClockCmd)
    i.RCC_APB2PeriphResetCmd                 0x08002358   Section        0  stm32f10x_rcc.o(i.RCC_APB2PeriphResetCmd)
    i.RCC_GetClocksFreq                      0x08002378   Section        0  stm32f10x_rcc.o(i.RCC_GetClocksFreq)
    i.SDelayMs                               0x0800244c   Section        0  song_io.o(i.SDelayMs)
    i.SUsartInit                             0x08002498   Section        0  song_usart.o(i.SUsartInit)
    i.SetSysClock                            0x08002540   Section        0  system_stm32f10x.o(i.SetSysClock)
    SetSysClock                              0x08002541   Thumb Code     8  system_stm32f10x.o(i.SetSysClock)
    i.SetSysClockTo72                        0x08002548   Section        0  system_stm32f10x.o(i.SetSysClockTo72)
    SetSysClockTo72                          0x08002549   Thumb Code   214  system_stm32f10x.o(i.SetSysClockTo72)
    i.SysTick_CLKSourceConfig                0x08002628   Section        0  misc.o(i.SysTick_CLKSourceConfig)
    i.SystemInit                             0x08002650   Section        0  system_stm32f10x.o(i.SystemInit)
    i.TIM7_IRQHandler                        0x080026b0   Section        0  song_time3.o(i.TIM7_IRQHandler)
    i.TIM7_Int_Init                          0x080026e4   Section        0  song_time3.o(i.TIM7_Int_Init)
    i.TIM_ClearITPendingBit                  0x08002744   Section        0  stm32f10x_tim.o(i.TIM_ClearITPendingBit)
    i.TIM_Cmd                                0x0800274a   Section        0  stm32f10x_tim.o(i.TIM_Cmd)
    i.TIM_GetITStatus                        0x08002762   Section        0  stm32f10x_tim.o(i.TIM_GetITStatus)
    i.TIM_ITConfig                           0x08002784   Section        0  stm32f10x_tim.o(i.TIM_ITConfig)
    i.TIM_SetCounter                         0x08002796   Section        0  stm32f10x_tim.o(i.TIM_SetCounter)
    i.TIM_TimeBaseInit                       0x0800279c   Section        0  stm32f10x_tim.o(i.TIM_TimeBaseInit)
    i.USART1_IRQHandler                      0x08002840   Section        0  song_usart.o(i.USART1_IRQHandler)
    i.USART3_IRQHandler                      0x080028c8   Section        0  song_usart3.o(i.USART3_IRQHandler)
    i.USART_Cmd                              0x08002938   Section        0  stm32f10x_usart.o(i.USART_Cmd)
    i.USART_DeInit                           0x08002950   Section        0  stm32f10x_usart.o(i.USART_DeInit)
    i.USART_GetFlagStatus                    0x080029ec   Section        0  stm32f10x_usart.o(i.USART_GetFlagStatus)
    i.USART_GetITStatus                      0x08002a06   Section        0  stm32f10x_usart.o(i.USART_GetITStatus)
    i.USART_ITConfig                         0x08002a5a   Section        0  stm32f10x_usart.o(i.USART_ITConfig)
    i.USART_Init                             0x08002aa4   Section        0  stm32f10x_usart.o(i.USART_Init)
    i.USART_ReceiveData                      0x08002b7c   Section        0  stm32f10x_usart.o(i.USART_ReceiveData)
    i.USART_SendData                         0x08002b86   Section        0  stm32f10x_usart.o(i.USART_SendData)
    i.__ARM_fpclassify                       0x08002b8e   Section        0  fpclassify.o(i.__ARM_fpclassify)
    i._is_digit                              0x08002bb6   Section        0  __printf_wp.o(i._is_digit)
    i._sys_exit                              0x08002bc4   Section        0  song_usart.o(i._sys_exit)
    i.atk_8266_check_cmd                     0x08002bcc   Section        0  song_esp8266.o(i.atk_8266_check_cmd)
    i.atk_8266_quit_trans                    0x08002c00   Section        0  song_esp8266.o(i.atk_8266_quit_trans)
    i.atk_8266_send_cmd                      0x08002c70   Section        0  song_esp8266.o(i.atk_8266_send_cmd)
    i.delay_init                             0x08002ce4   Section        0  song_io.o(i.delay_init)
    i.fputc                                  0x08002d28   Section        0  song_usart.o(i.fputc)
    i.main                                   0x08002d4c   Section        0  main.o(i.main)
    i.my_mem_init                            0x08002f88   Section        0  song_molloc.o(i.my_mem_init)
    i.my_mem_malloc                          0x08002fcc   Section        0  song_molloc.o(i.my_mem_malloc)
    i.my_mem_perused                         0x08003074   Section        0  song_molloc.o(i.my_mem_perused)
    i.mymalloc                               0x080030b4   Section        0  song_molloc.o(i.mymalloc)
    i.mymemset                               0x080030dc   Section        0  song_molloc.o(i.mymemset)
    i.u3_printf                              0x080030f0   Section        0  song_usart3.o(i.u3_printf)
    i.usart3_init                            0x08003140   Section        0  song_usart3.o(i.usart3_init)
    locale$$code                             0x08003210   Section       44  lc_numeric_c.o(locale$$code)
    locale$$code                             0x0800323c   Section       44  lc_ctype_c.o(locale$$code)
    x$fpl$printf1                            0x08003268   Section        4  printf1.o(x$fpl$printf1)
    .constdata                               0x0800326c   Section     1140  song_lcd.o(.constdata)
    x$fpl$usenofp                            0x0800326c   Section        0  usenofp.o(x$fpl$usenofp)
    .constdata                               0x080036e0   Section       24  song_molloc.o(.constdata)
    .constdata                               0x080036f8   Section       17  __printf_flags_ss_wp.o(.constdata)
    maptable                                 0x080036f8   Data          17  __printf_flags_ss_wp.o(.constdata)
    .constdata                               0x0800370c   Section        8  _printf_wctomb.o(.constdata)
    initial_mbstate                          0x0800370c   Data           8  _printf_wctomb.o(.constdata)
    .constdata                               0x08003714   Section       40  _printf_hex_int_ll_ptr.o(.constdata)
    uc_hextab                                0x08003714   Data          20  _printf_hex_int_ll_ptr.o(.constdata)
    lc_hextab                                0x08003728   Data          20  _printf_hex_int_ll_ptr.o(.constdata)
    .constdata                               0x0800373c   Section      148  bigflt0.o(.constdata)
    tenpwrs_x                                0x0800373c   Data          60  bigflt0.o(.constdata)
    tenpwrs_i                                0x08003778   Data          64  bigflt0.o(.constdata)
    locale$$data                             0x080037f0   Section       28  lc_numeric_c.o(locale$$data)
    __lcnum_c_name                           0x080037f4   Data           2  lc_numeric_c.o(locale$$data)
    __lcnum_c_start                          0x080037fc   Data           0  lc_numeric_c.o(locale$$data)
    __lcnum_c_point                          0x08003808   Data           0  lc_numeric_c.o(locale$$data)
    __lcnum_c_thousands                      0x0800380a   Data           0  lc_numeric_c.o(locale$$data)
    __lcnum_c_grouping                       0x0800380b   Data           0  lc_numeric_c.o(locale$$data)
    locale$$data                             0x0800380c   Section      272  lc_ctype_c.o(locale$$data)
    __lcnum_c_end                            0x0800380c   Data           0  lc_numeric_c.o(locale$$data)
    __lcctype_c_name                         0x08003810   Data           2  lc_ctype_c.o(locale$$data)
    __lcctype_c_start                        0x08003818   Data           0  lc_ctype_c.o(locale$$data)
    __lcctype_c_end                          0x0800391c   Data           0  lc_ctype_c.o(locale$$data)
    .data                                    0x20000000   Section       20  stm32f10x_rcc.o(.data)
    APBAHBPrescTable                         0x20000000   Data          16  stm32f10x_rcc.o(.data)
    ADCPrescTable                            0x20000010   Data           4  stm32f10x_rcc.o(.data)
    .data                                    0x20000014   Section        4  song_io.o(.data)
    fac_us                                   0x20000014   Data           1  song_io.o(.data)
    fac_ms                                   0x20000016   Data           2  song_io.o(.data)
    .data                                    0x20000018   Section        8  song_usart.o(.data)
    .data                                    0x20000020   Section        2  song_lcd.o(.data)
    backcolor                                0x20000020   Data           2  song_lcd.o(.data)
    .data                                    0x20000022   Section        2  song_usart3.o(.data)
    .data                                    0x20000024   Section       28  song_molloc.o(.data)
    .data                                    0x20000040   Section       20  system_stm32f10x.o(.data)
    .bss                                     0x20000054   Section      200  song_usart.o(.bss)
    .bss                                     0x2000011c   Section     1200  song_usart3.o(.bss)
    .bss                                     0x200005e0   Section    43520  song_molloc.o(.bss)
    .bss                                     0x2000afe0   Section       96  libspace.o(.bss)
    HEAP                                     0x2000b040   Section      512  startup_stm32f10x_hd.o(HEAP)
    Heap_Mem                                 0x2000b040   Data         512  startup_stm32f10x_hd.o(HEAP)
    STACK                                    0x2000b240   Section     1024  startup_stm32f10x_hd.o(STACK)
    Stack_Mem                                0x2000b240   Data        1024  startup_stm32f10x_hd.o(STACK)
    __initial_sp                             0x2000b640   Data           0  startup_stm32f10x_hd.o(STACK)
    .ARM.__AT_0x68000000                     0x68000000   Section    983040  song_molloc.o(.ARM.__AT_0x68000000)
    .ARM.__AT_0x680F0000                     0x680f0000   Section    61440  song_molloc.o(.ARM.__AT_0x680F0000)

    Global Symbols

    Symbol Name                              Value     Ov Type        Size  Object(Section)

    BuildAttributes$$THM_ISAv4$P$D$K$B$S$PE$A:L22UL41UL21$X:L11$S22US41US21$IEEE1$IW$USESV6$~STKCKD$USESV7$~SHL$OTIME$ROPI$IEEEJ$EBA8$UX$STANDARDLIB$REQ8$PRES8$EABIv2 0x00000000   Number         0  anon$$obj.o ABSOLUTE
    __ARM_use_no_argv                        0x00000000   Number         0  main.o ABSOLUTE
    _printf_flags                            0x00000000   Number         0  printf_stubs.o ABSOLUTE
    _printf_return_value                     0x00000000   Number         0  printf_stubs.o ABSOLUTE
    _printf_sizespec                         0x00000000   Number         0  printf_stubs.o ABSOLUTE
    _printf_widthprec                        0x00000000   Number         0  printf_stubs.o ABSOLUTE
    __ARM_exceptions_init                     - Undefined Weak Reference
    __alloca_initialize                       - Undefined Weak Reference
    __arm_preinit_                            - Undefined Weak Reference
    __cpp_initialize__aeabi_                  - Undefined Weak Reference
    __cxa_finalize                            - Undefined Weak Reference
    __sigvec_lookup                           - Undefined Weak Reference
    _atexit_init                              - Undefined Weak Reference
    _call_atexit_fns                          - Undefined Weak Reference
    _clock_init                               - Undefined Weak Reference
    _fp_trap_init                             - Undefined Weak Reference
    _fp_trap_shutdown                         - Undefined Weak Reference
    _get_lc_collate                           - Undefined Weak Reference
    _get_lc_monetary                          - Undefined Weak Reference
    _get_lc_time                              - Undefined Weak Reference
    _getenv_init                              - Undefined Weak Reference
    _handle_redirection                       - Undefined Weak Reference
    _init_alloc                               - Undefined Weak Reference
    _init_user_alloc                          - Undefined Weak Reference
    _initio                                   - Undefined Weak Reference
    _mutex_acquire                            - Undefined Weak Reference
    _mutex_release                            - Undefined Weak Reference
    _printf_fp_hex                            - Undefined Weak Reference
    _printf_mbtowc                            - Undefined Weak Reference
    _printf_wc                                - Undefined Weak Reference
    _rand_init                                - Undefined Weak Reference
    _signal_finish                            - Undefined Weak Reference
    _signal_init                              - Undefined Weak Reference
    _terminate_alloc                          - Undefined Weak Reference
    _terminate_user_alloc                     - Undefined Weak Reference
    _terminateio                              - Undefined Weak Reference
    __Vectors_Size                           0x00000130   Number         0  startup_stm32f10x_hd.o ABSOLUTE
    __Vectors                                0x08000000   Data           4  startup_stm32f10x_hd.o(RESET)
    __Vectors_End                            0x08000130   Data           0  startup_stm32f10x_hd.o(RESET)
    __main                                   0x08000131   Thumb Code     8  __main.o(!!!main)
    __scatterload                            0x08000139   Thumb Code     0  __scatter.o(!!!scatter)
    __scatterload_rt2                        0x08000139   Thumb Code    44  __scatter.o(!!!scatter)
    __scatterload_rt2_thumb_only             0x08000139   Thumb Code     0  __scatter.o(!!!scatter)
    __scatterload_null                       0x08000147   Thumb Code     0  __scatter.o(!!!scatter)
    __scatterload_copy                       0x0800016d   Thumb Code    26  __scatter_copy.o(!!handler_copy)
    __scatterload_zeroinit                   0x08000189   Thumb Code    28  __scatter_zi.o(!!handler_zi)
    _printf_n                                0x080001a5   Thumb Code     0  _printf_n.o(.ARM.Collect$$_printf_percent$$00000001)
    _printf_percent                          0x080001a5   Thumb Code     0  _printf_percent.o(.ARM.Collect$$_printf_percent$$00000000)
    _printf_p                                0x080001ab   Thumb Code     0  _printf_p.o(.ARM.Collect$$_printf_percent$$00000002)
    _printf_f                                0x080001b1   Thumb Code     0  _printf_f.o(.ARM.Collect$$_printf_percent$$00000003)
    _printf_e                                0x080001b7   Thumb Code     0  _printf_e.o(.ARM.Collect$$_printf_percent$$00000004)
    _printf_g                                0x080001bd   Thumb Code     0  _printf_g.o(.ARM.Collect$$_printf_percent$$00000005)
    _printf_a                                0x080001c3   Thumb Code     0  _printf_a.o(.ARM.Collect$$_printf_percent$$00000006)
    _printf_ll                               0x080001c9   Thumb Code     0  _printf_ll.o(.ARM.Collect$$_printf_percent$$00000007)
    _printf_i                                0x080001d3   Thumb Code     0  _printf_i.o(.ARM.Collect$$_printf_percent$$00000008)
    _printf_d                                0x080001d9   Thumb Code     0  _printf_d.o(.ARM.Collect$$_printf_percent$$00000009)
    _printf_u                                0x080001df   Thumb Code     0  _printf_u.o(.ARM.Collect$$_printf_percent$$0000000A)
    _printf_o                                0x080001e5   Thumb Code     0  _printf_o.o(.ARM.Collect$$_printf_percent$$0000000B)
    _printf_x                                0x080001eb   Thumb Code     0  _printf_x.o(.ARM.Collect$$_printf_percent$$0000000C)
    _printf_lli                              0x080001f1   Thumb Code     0  _printf_lli.o(.ARM.Collect$$_printf_percent$$0000000D)
    _printf_lld                              0x080001f7   Thumb Code     0  _printf_lld.o(.ARM.Collect$$_printf_percent$$0000000E)
    _printf_llu                              0x080001fd   Thumb Code     0  _printf_llu.o(.ARM.Collect$$_printf_percent$$0000000F)
    _printf_llo                              0x08000203   Thumb Code     0  _printf_llo.o(.ARM.Collect$$_printf_percent$$00000010)
    _printf_llx                              0x08000209   Thumb Code     0  _printf_llx.o(.ARM.Collect$$_printf_percent$$00000011)
    _printf_l                                0x0800020f   Thumb Code     0  _printf_l.o(.ARM.Collect$$_printf_percent$$00000012)
    _printf_c                                0x08000219   Thumb Code     0  _printf_c.o(.ARM.Collect$$_printf_percent$$00000013)
    _printf_s                                0x0800021f   Thumb Code     0  _printf_s.o(.ARM.Collect$$_printf_percent$$00000014)
    _printf_lc                               0x08000225   Thumb Code     0  _printf_lc.o(.ARM.Collect$$_printf_percent$$00000015)
    _printf_ls                               0x0800022b   Thumb Code     0  _printf_ls.o(.ARM.Collect$$_printf_percent$$00000016)
    _printf_percent_end                      0x08000231   Thumb Code     0  _printf_percent_end.o(.ARM.Collect$$_printf_percent$$00000017)
    __rt_lib_init                            0x08000235   Thumb Code     0  libinit.o(.ARM.Collect$$libinit$$00000000)
    __rt_lib_init_fp_1                       0x08000237   Thumb Code     0  libinit2.o(.ARM.Collect$$libinit$$00000002)
    __rt_lib_init_heap_1                     0x08000237   Thumb Code     0  libinit2.o(.ARM.Collect$$libinit$$0000000A)
    __rt_lib_init_lc_common                  0x08000237   Thumb Code     0  libinit2.o(.ARM.Collect$$libinit$$0000000F)
    __rt_lib_init_preinit_1                  0x08000237   Thumb Code     0  libinit2.o(.ARM.Collect$$libinit$$00000004)
    __rt_lib_init_rand_1                     0x08000237   Thumb Code     0  libinit2.o(.ARM.Collect$$libinit$$0000000E)
    __rt_lib_init_user_alloc_1               0x08000237   Thumb Code     0  libinit2.o(.ARM.Collect$$libinit$$0000000C)
    __rt_lib_init_lc_collate_1               0x0800023d   Thumb Code     0  libinit2.o(.ARM.Collect$$libinit$$00000011)
    __rt_lib_init_lc_ctype_2                 0x0800023d   Thumb Code     0  libinit2.o(.ARM.Collect$$libinit$$00000012)
    __rt_lib_init_lc_ctype_1                 0x08000249   Thumb Code     0  libinit2.o(.ARM.Collect$$libinit$$00000013)
    __rt_lib_init_lc_monetary_1              0x08000249   Thumb Code     0  libinit2.o(.ARM.Collect$$libinit$$00000015)
    __rt_lib_init_lc_numeric_2               0x08000249   Thumb Code     0  libinit2.o(.ARM.Collect$$libinit$$00000016)
    __rt_lib_init_alloca_1                   0x08000253   Thumb Code     0  libinit2.o(.ARM.Collect$$libinit$$0000002E)
    __rt_lib_init_argv_1                     0x08000253   Thumb Code     0  libinit2.o(.ARM.Collect$$libinit$$0000002C)
    __rt_lib_init_atexit_1                   0x08000253   Thumb Code     0  libinit2.o(.ARM.Collect$$libinit$$0000001B)
    __rt_lib_init_clock_1                    0x08000253   Thumb Code     0  libinit2.o(.ARM.Collect$$libinit$$00000021)
    __rt_lib_init_cpp_1                      0x08000253   Thumb Code     0  libinit2.o(.ARM.Collect$$libinit$$00000032)
    __rt_lib_init_exceptions_1               0x08000253   Thumb Code     0  libinit2.o(.ARM.Collect$$libinit$$00000030)
    __rt_lib_init_fp_trap_1                  0x08000253   Thumb Code     0  libinit2.o(.ARM.Collect$$libinit$$0000001F)
    __rt_lib_init_getenv_1                   0x08000253   Thumb Code     0  libinit2.o(.ARM.Collect$$libinit$$00000023)
    __rt_lib_init_lc_numeric_1               0x08000253   Thumb Code     0  libinit2.o(.ARM.Collect$$libinit$$00000017)
    __rt_lib_init_lc_time_1                  0x08000253   Thumb Code     0  libinit2.o(.ARM.Collect$$libinit$$00000019)
    __rt_lib_init_return                     0x08000253   Thumb Code     0  libinit2.o(.ARM.Collect$$libinit$$00000033)
    __rt_lib_init_signal_1                   0x08000253   Thumb Code     0  libinit2.o(.ARM.Collect$$libinit$$0000001D)
    __rt_lib_init_stdio_1                    0x08000253   Thumb Code     0  libinit2.o(.ARM.Collect$$libinit$$00000025)
    __rt_lib_shutdown                        0x08000255   Thumb Code     0  libshutdown.o(.ARM.Collect$$libshutdown$$00000000)
    __rt_lib_shutdown_cpp_1                  0x08000257   Thumb Code     0  libshutdown2.o(.ARM.Collect$$libshutdown$$00000002)
    __rt_lib_shutdown_fp_trap_1              0x08000257   Thumb Code     0  libshutdown2.o(.ARM.Collect$$libshutdown$$00000007)
    __rt_lib_shutdown_heap_1                 0x08000257   Thumb Code     0  libshutdown2.o(.ARM.Collect$$libshutdown$$0000000F)
    __rt_lib_shutdown_return                 0x08000257   Thumb Code     0  libshutdown2.o(.ARM.Collect$$libshutdown$$00000010)
    __rt_lib_shutdown_signal_1               0x08000257   Thumb Code     0  libshutdown2.o(.ARM.Collect$$libshutdown$$0000000A)
    __rt_lib_shutdown_stdio_1                0x08000257   Thumb Code     0  libshutdown2.o(.ARM.Collect$$libshutdown$$00000004)
    __rt_lib_shutdown_user_alloc_1           0x08000257   Thumb Code     0  libshutdown2.o(.ARM.Collect$$libshutdown$$0000000C)
    __rt_entry                               0x08000259   Thumb Code     0  __rtentry.o(.ARM.Collect$$rtentry$$00000000)
    __rt_entry_presh_1                       0x08000259   Thumb Code     0  __rtentry2.o(.ARM.Collect$$rtentry$$00000002)
    __rt_entry_sh                            0x08000259   Thumb Code     0  __rtentry4.o(.ARM.Collect$$rtentry$$00000004)
    __rt_entry_li                            0x0800025f   Thumb Code     0  __rtentry2.o(.ARM.Collect$$rtentry$$0000000A)
    __rt_entry_postsh_1                      0x0800025f   Thumb Code     0  __rtentry2.o(.ARM.Collect$$rtentry$$00000009)
    __rt_entry_main                          0x08000263   Thumb Code     0  __rtentry2.o(.ARM.Collect$$rtentry$$0000000D)
    __rt_entry_postli_1                      0x08000263   Thumb Code     0  __rtentry2.o(.ARM.Collect$$rtentry$$0000000C)
    __rt_exit                                0x0800026b   Thumb Code     0  rtexit.o(.ARM.Collect$$rtexit$$00000000)
    __rt_exit_ls                             0x0800026d   Thumb Code     0  rtexit2.o(.ARM.Collect$$rtexit$$00000003)
    __rt_exit_prels_1                        0x0800026d   Thumb Code     0  rtexit2.o(.ARM.Collect$$rtexit$$00000002)
    __rt_exit_exit                           0x08000271   Thumb Code     0  rtexit2.o(.ARM.Collect$$rtexit$$00000004)
    Reset_Handler                            0x08000279   Thumb Code     8  startup_stm32f10x_hd.o(.text)
    NMI_Handler                              0x08000281   Thumb Code     2  startup_stm32f10x_hd.o(.text)
    HardFault_Handler                        0x08000283   Thumb Code     2  startup_stm32f10x_hd.o(.text)
    MemManage_Handler                        0x08000285   Thumb Code     2  startup_stm32f10x_hd.o(.text)
    BusFault_Handler                         0x08000287   Thumb Code     2  startup_stm32f10x_hd.o(.text)
    UsageFault_Handler                       0x08000289   Thumb Code     2  startup_stm32f10x_hd.o(.text)
    SVC_Handler                              0x0800028b   Thumb Code     2  startup_stm32f10x_hd.o(.text)
    DebugMon_Handler                         0x0800028d   Thumb Code     2  startup_stm32f10x_hd.o(.text)
    PendSV_Handler                           0x0800028f   Thumb Code     2  startup_stm32f10x_hd.o(.text)
    SysTick_Handler                          0x08000291   Thumb Code     2  startup_stm32f10x_hd.o(.text)
    ADC1_2_IRQHandler                        0x08000293   Thumb Code     0  startup_stm32f10x_hd.o(.text)
    ADC3_IRQHandler                          0x08000293   Thumb Code     0  startup_stm32f10x_hd.o(.text)
    CAN1_RX1_IRQHandler                      0x08000293   Thumb Code     0  startup_stm32f10x_hd.o(.text)
    CAN1_SCE_IRQHandler                      0x08000293   Thumb Code     0  startup_stm32f10x_hd.o(.text)
    DMA1_Channel1_IRQHandler                 0x08000293   Thumb Code     0  startup_stm32f10x_hd.o(.text)
    DMA1_Channel2_IRQHandler                 0x08000293   Thumb Code     0  startup_stm32f10x_hd.o(.text)
    DMA1_Channel3_IRQHandler                 0x08000293   Thumb Code     0  startup_stm32f10x_hd.o(.text)
    DMA1_Channel4_IRQHandler                 0x08000293   Thumb Code     0  startup_stm32f10x_hd.o(.text)
    DMA1_Channel5_IRQHandler                 0x08000293   Thumb Code     0  startup_stm32f10x_hd.o(.text)
    DMA1_Channel6_IRQHandler                 0x08000293   Thumb Code     0  startup_stm32f10x_hd.o(.text)
    DMA1_Channel7_IRQHandler                 0x08000293   Thumb Code     0  startup_stm32f10x_hd.o(.text)
    DMA2_Channel1_IRQHandler                 0x08000293   Thumb Code     0  startup_stm32f10x_hd.o(.text)
    DMA2_Channel2_IRQHandler                 0x08000293   Thumb Code     0  startup_stm32f10x_hd.o(.text)
    DMA2_Channel3_IRQHandler                 0x08000293   Thumb Code     0  startup_stm32f10x_hd.o(.text)
    DMA2_Channel4_5_IRQHandler               0x08000293   Thumb Code     0  startup_stm32f10x_hd.o(.text)
    EXTI1_IRQHandler                         0x08000293   Thumb Code     0  startup_stm32f10x_hd.o(.text)
    EXTI2_IRQHandler                         0x08000293   Thumb Code     0  startup_stm32f10x_hd.o(.text)
    EXTI3_IRQHandler                         0x08000293   Thumb Code     0  startup_stm32f10x_hd.o(.text)
    EXTI4_IRQHandler                         0x08000293   Thumb Code     0  startup_stm32f10x_hd.o(.text)
    EXTI9_5_IRQHandler                       0x08000293   Thumb Code     0  startup_stm32f10x_hd.o(.text)
    FLASH_IRQHandler                         0x08000293   Thumb Code     0  startup_stm32f10x_hd.o(.text)
    FSMC_IRQHandler                          0x08000293   Thumb Code     0  startup_stm32f10x_hd.o(.text)
    I2C1_ER_IRQHandler                       0x08000293   Thumb Code     0  startup_stm32f10x_hd.o(.text)
    I2C1_EV_IRQHandler                       0x08000293   Thumb Code     0  startup_stm32f10x_hd.o(.text)
    I2C2_ER_IRQHandler                       0x08000293   Thumb Code     0  startup_stm32f10x_hd.o(.text)
    I2C2_EV_IRQHandler                       0x08000293   Thumb Code     0  startup_stm32f10x_hd.o(.text)
    PVD_IRQHandler                           0x08000293   Thumb Code     0  startup_stm32f10x_hd.o(.text)
    RCC_IRQHandler                           0x08000293   Thumb Code     0  startup_stm32f10x_hd.o(.text)
    RTCAlarm_IRQHandler                      0x08000293   Thumb Code     0  startup_stm32f10x_hd.o(.text)
    RTC_IRQHandler                           0x08000293   Thumb Code     0  startup_stm32f10x_hd.o(.text)
    SDIO_IRQHandler                          0x08000293   Thumb Code     0  startup_stm32f10x_hd.o(.text)
    SPI1_IRQHandler                          0x08000293   Thumb Code     0  startup_stm32f10x_hd.o(.text)
    SPI2_IRQHandler                          0x08000293   Thumb Code     0  startup_stm32f10x_hd.o(.text)
    SPI3_IRQHandler                          0x08000293   Thumb Code     0  startup_stm32f10x_hd.o(.text)
    TAMPER_IRQHandler                        0x08000293   Thumb Code     0  startup_stm32f10x_hd.o(.text)
    TIM1_BRK_IRQHandler                      0x08000293   Thumb Code     0  startup_stm32f10x_hd.o(.text)
    TIM1_CC_IRQHandler                       0x08000293   Thumb Code     0  startup_stm32f10x_hd.o(.text)
    TIM1_TRG_COM_IRQHandler                  0x08000293   Thumb Code     0  startup_stm32f10x_hd.o(.text)
    TIM1_UP_IRQHandler                       0x08000293   Thumb Code     0  startup_stm32f10x_hd.o(.text)
    TIM2_IRQHandler                          0x08000293   Thumb Code     0  startup_stm32f10x_hd.o(.text)
    TIM3_IRQHandler                          0x08000293   Thumb Code     0  startup_stm32f10x_hd.o(.text)
    TIM4_IRQHandler                          0x08000293   Thumb Code     0  startup_stm32f10x_hd.o(.text)
    TIM5_IRQHandler                          0x08000293   Thumb Code     0  startup_stm32f10x_hd.o(.text)
    TIM6_IRQHandler                          0x08000293   Thumb Code     0  startup_stm32f10x_hd.o(.text)
    TIM8_BRK_IRQHandler                      0x08000293   Thumb Code     0  startup_stm32f10x_hd.o(.text)
    TIM8_CC_IRQHandler                       0x08000293   Thumb Code     0  startup_stm32f10x_hd.o(.text)
    TIM8_TRG_COM_IRQHandler                  0x08000293   Thumb Code     0  startup_stm32f10x_hd.o(.text)
    TIM8_UP_IRQHandler                       0x08000293   Thumb Code     0  startup_stm32f10x_hd.o(.text)
    UART4_IRQHandler                         0x08000293   Thumb Code     0  startup_stm32f10x_hd.o(.text)
    UART5_IRQHandler                         0x08000293   Thumb Code     0  startup_stm32f10x_hd.o(.text)
    USART2_IRQHandler                        0x08000293   Thumb Code     0  startup_stm32f10x_hd.o(.text)
    USBWakeUp_IRQHandler                     0x08000293   Thumb Code     0  startup_stm32f10x_hd.o(.text)
    USB_HP_CAN1_TX_IRQHandler                0x08000293   Thumb Code     0  startup_stm32f10x_hd.o(.text)
    USB_LP_CAN1_RX0_IRQHandler               0x08000293   Thumb Code     0  startup_stm32f10x_hd.o(.text)
    WWDG_IRQHandler                          0x08000293   Thumb Code     0  startup_stm32f10x_hd.o(.text)
    __user_initial_stackheap                 0x08000295   Thumb Code     0  startup_stm32f10x_hd.o(.text)
    __use_no_semihosting                     0x080002b9   Thumb Code     2  use_no_semi_2.o(.text)
    __c89vsprintf                            0x080002bd   Thumb Code    32  c89vsprintf.o(.text)
    __2printf                                0x080002e1   Thumb Code    20  __2printf.o(.text)
    __2sprintf                               0x080002f9   Thumb Code    38  __2sprintf.o(.text)
    _printf_str                              0x08000325   Thumb Code    82  _printf_str.o(.text)
    __printf                                 0x08000379   Thumb Code   388  __printf_flags_ss_wp.o(.text)
    strstr                                   0x08000501   Thumb Code    36  strstr.o(.text)
    strlen                                   0x08000525   Thumb Code    62  strlen.o(.text)
    __use_two_region_memory                  0x08000563   Thumb Code     2  heapauxi.o(.text)
    __rt_heap_escrow$2region                 0x08000565   Thumb Code     2  heapauxi.o(.text)
    __rt_heap_expand$2region                 0x08000567   Thumb Code     2  heapauxi.o(.text)
    __I$use$semihosting                      0x08000569   Thumb Code     0  use_no_semi.o(.text)
    __use_no_semihosting_swi                 0x08000569   Thumb Code     2  use_no_semi.o(.text)
    _printf_pre_padding                      0x0800056b   Thumb Code    44  _printf_pad.o(.text)
    _printf_post_padding                     0x08000597   Thumb Code    34  _printf_pad.o(.text)
    _printf_truncate_signed                  0x080005b9   Thumb Code    18  _printf_truncate.o(.text)
    _printf_truncate_unsigned                0x080005cb   Thumb Code    18  _printf_truncate.o(.text)
    _printf_int_dec                          0x080005dd   Thumb Code   104  _printf_dec.o(.text)
    _printf_charcount                        0x08000655   Thumb Code    40  _printf_charcount.o(.text)
    _printf_char_common                      0x08000687   Thumb Code    32  _printf_char_common.o(.text)
    _sputc                                   0x080006ad   Thumb Code    10  _sputc.o(.text)
    _printf_cs_common                        0x080006b7   Thumb Code    20  _printf_char.o(.text)
    _printf_char                             0x080006cb   Thumb Code    16  _printf_char.o(.text)
    _printf_string                           0x080006db   Thumb Code     8  _printf_char.o(.text)
    _printf_char_file                        0x080006e5   Thumb Code    32  _printf_char_file.o(.text)
    _printf_wctomb                           0x08000709   Thumb Code   182  _printf_wctomb.o(.text)
    _printf_longlong_dec                     0x080007c5   Thumb Code   108  _printf_longlong_dec.o(.text)
    _printf_longlong_oct                     0x08000841   Thumb Code    68  _printf_oct_int_ll.o(.text)
    _printf_int_oct                          0x08000885   Thumb Code    24  _printf_oct_int_ll.o(.text)
    _printf_ll_oct                           0x0800089d   Thumb Code    12  _printf_oct_int_ll.o(.text)
    _printf_longlong_hex                     0x080008b1   Thumb Code    86  _printf_hex_int_ll_ptr.o(.text)
    _printf_int_hex                          0x08000907   Thumb Code    28  _printf_hex_int_ll_ptr.o(.text)
    _printf_ll_hex                           0x08000923   Thumb Code    12  _printf_hex_int_ll_ptr.o(.text)
    _printf_hex_ptr                          0x0800092f   Thumb Code    18  _printf_hex_int_ll_ptr.o(.text)
    _ll_udiv10                               0x08000945   Thumb Code   138  lludiv10.o(.text)
    _printf_int_common                       0x080009cf   Thumb Code   178  _printf_intcommon.o(.text)
    __lib_sel_fp_printf                      0x08000a81   Thumb Code     2  _printf_fp_dec.o(.text)
    _printf_fp_dec_real                      0x08000c2f   Thumb Code   620  _printf_fp_dec.o(.text)
    _printf_lcs_common                       0x08000e9b   Thumb Code    20  _printf_wchar.o(.text)
    _printf_wchar                            0x08000eaf   Thumb Code    16  _printf_wchar.o(.text)
    _printf_wstring                          0x08000ebf   Thumb Code     8  _printf_wchar.o(.text)
    ferror                                   0x08000ec7   Thumb Code     8  ferror.o(.text)
    _wcrtomb                                 0x08000ecf   Thumb Code    64  _wcrtomb.o(.text)
    __user_setup_stackheap                   0x08000f0f   Thumb Code    74  sys_stackheap_outer.o(.text)
    __rt_ctype_table                         0x08000f59   Thumb Code    16  rt_ctype_table.o(.text)
    __rt_locale                              0x08000f69   Thumb Code     8  rt_locale_intlibspace.o(.text)
    _printf_fp_infnan                        0x08000f71   Thumb Code   112  _printf_fp_infnan.o(.text)
    _btod_etento                             0x08000ff1   Thumb Code   216  bigflt0.o(.text)
    exit                                     0x080010cd   Thumb Code    18  exit.o(.text)
    __user_libspace                          0x080010e1   Thumb Code     8  libspace.o(.text)
    __user_perproc_libspace                  0x080010e1   Thumb Code     0  libspace.o(.text)
    __user_perthread_libspace                0x080010e1   Thumb Code     0  libspace.o(.text)
    strcmp                                   0x080010e9   Thumb Code   128  strcmpv7m.o(.text)
    _btod_d2e                                0x08001169   Thumb Code    62  btod.o(CL$$btod_d2e)
    _d2e_denorm_low                          0x080011a7   Thumb Code    70  btod.o(CL$$btod_d2e_denorm_low)
    _d2e_norm_op1                            0x080011ed   Thumb Code    96  btod.o(CL$$btod_d2e_norm_op1)
    __btod_div_common                        0x0800124d   Thumb Code   696  btod.o(CL$$btod_div_common)
    _e2e                                     0x08001585   Thumb Code   198  btod.o(CL$$btod_e2e)
    _btod_ediv                               0x0800164b   Thumb Code    40  btod.o(CL$$btod_ediv)
    _btod_emul                               0x08001673   Thumb Code    40  btod.o(CL$$btod_emul)
    __btod_mult_common                       0x0800169b   Thumb Code   580  btod.o(CL$$btod_mult_common)
    BKey_Init                                0x080018e1   Thumb Code    48  nano_broad.o(i.BKey_Init)
    BLed_Init                                0x08001919   Thumb Code    68  nano_broad.o(i.BLed_Init)
    EXTI0_IRQHandler                         0x08001971   Thumb Code    50  nano_broad.o(i.EXTI0_IRQHandler)
    EXTI15_10_IRQHandler                     0x080019b5   Thumb Code    54  nano_broad.o(i.EXTI15_10_IRQHandler)
    EXTI_ClearITPendingBit                   0x080019fd   Thumb Code     6  stm32f10x_exti.o(i.EXTI_ClearITPendingBit)
    EXTI_GetITStatus                         0x08001a09   Thumb Code    34  stm32f10x_exti.o(i.EXTI_GetITStatus)
    FSMC_NORSRAMCmd                          0x08001a31   Thumb Code    46  stm32f10x_fsmc.o(i.FSMC_NORSRAMCmd)
    FSMC_NORSRAMInit                         0x08001a65   Thumb Code   230  stm32f10x_fsmc.o(i.FSMC_NORSRAMInit)
    GPIO_Init                                0x08001b4b   Thumb Code   278  stm32f10x_gpio.o(i.GPIO_Init)
    GPIO_ReadInputDataBit                    0x08001c61   Thumb Code    18  stm32f10x_gpio.o(i.GPIO_ReadInputDataBit)
    GPIO_ResetBits                           0x08001c73   Thumb Code     4  stm32f10x_gpio.o(i.GPIO_ResetBits)
    GPIO_SetBits                             0x08001c77   Thumb Code     4  stm32f10x_gpio.o(i.GPIO_SetBits)
    LCD_Clear                                0x08001c7d   Thumb Code   102  song_lcd.o(i.LCD_Clear)
    LCD_Config                               0x08001ce9   Thumb Code    20  song_lcd.o(i.LCD_Config)
    LCD_DispChar                             0x08001cfd   Thumb Code   104  song_lcd.o(i.LCD_DispChar)
    LCD_DispStr                              0x08001d71   Thumb Code    60  song_lcd.o(i.LCD_DispStr)
    LCD_FSMC_Config                          0x08001dad   Thumb Code    92  song_lcd.o(i.LCD_FSMC_Config)
    LCD_GPIO_Config                          0x08001e09   Thumb Code   182  song_lcd.o(i.LCD_GPIO_Config)
    LCD_OpenWindow                           0x08001ecd   Thumb Code    74  song_lcd.o(i.LCD_OpenWindow)
    LCD_REG_Config                           0x08001f1d   Thumb Code   478  song_lcd.o(i.LCD_REG_Config)
    LCD_Rst                                  0x08002105   Thumb Code    32  song_lcd.o(i.LCD_Rst)
    Lcd_Delay                                0x0800212d   Thumb Code    18  song_lcd.o(i.Lcd_Delay)
    Lcd_GramScan                             0x08002141   Thumb Code   260  song_lcd.o(i.Lcd_GramScan)
    NVIC_Configuration                       0x08002249   Thumb Code    12  song_io.o(i.NVIC_Configuration)
    NVIC_Init                                0x08002255   Thumb Code   100  misc.o(i.NVIC_Init)
    NVIC_PriorityGroupConfig                 0x080022c5   Thumb Code    10  misc.o(i.NVIC_PriorityGroupConfig)
    RCC_AHBPeriphClockCmd                    0x080022d9   Thumb Code    26  stm32f10x_rcc.o(i.RCC_AHBPeriphClockCmd)
    RCC_APB1PeriphClockCmd                   0x080022f9   Thumb Code    26  stm32f10x_rcc.o(i.RCC_APB1PeriphClockCmd)
    RCC_APB1PeriphResetCmd                   0x08002319   Thumb Code    26  stm32f10x_rcc.o(i.RCC_APB1PeriphResetCmd)
    RCC_APB2PeriphClockCmd                   0x08002339   Thumb Code    26  stm32f10x_rcc.o(i.RCC_APB2PeriphClockCmd)
    RCC_APB2PeriphResetCmd                   0x08002359   Thumb Code    26  stm32f10x_rcc.o(i.RCC_APB2PeriphResetCmd)
    RCC_GetClocksFreq                        0x08002379   Thumb Code   192  stm32f10x_rcc.o(i.RCC_GetClocksFreq)
    SDelayMs                                 0x0800244d   Thumb Code    72  song_io.o(i.SDelayMs)
    SUsartInit                               0x08002499   Thumb Code   160  song_usart.o(i.SUsartInit)
    SysTick_CLKSourceConfig                  0x08002629   Thumb Code    40  misc.o(i.SysTick_CLKSourceConfig)
    SystemInit                               0x08002651   Thumb Code    78  system_stm32f10x.o(i.SystemInit)
    TIM7_IRQHandler                          0x080026b1   Thumb Code    42  song_time3.o(i.TIM7_IRQHandler)
    TIM7_Int_Init                            0x080026e5   Thumb Code    90  song_time3.o(i.TIM7_Int_Init)
    TIM_ClearITPendingBit                    0x08002745   Thumb Code     6  stm32f10x_tim.o(i.TIM_ClearITPendingBit)
    TIM_Cmd                                  0x0800274b   Thumb Code    24  stm32f10x_tim.o(i.TIM_Cmd)
    TIM_GetITStatus                          0x08002763   Thumb Code    34  stm32f10x_tim.o(i.TIM_GetITStatus)
    TIM_ITConfig                             0x08002785   Thumb Code    18  stm32f10x_tim.o(i.TIM_ITConfig)
    TIM_SetCounter                           0x08002797   Thumb Code     4  stm32f10x_tim.o(i.TIM_SetCounter)
    TIM_TimeBaseInit                         0x0800279d   Thumb Code   122  stm32f10x_tim.o(i.TIM_TimeBaseInit)
    USART1_IRQHandler                        0x08002841   Thumb Code   122  song_usart.o(i.USART1_IRQHandler)
    USART3_IRQHandler                        0x080028c9   Thumb Code    94  song_usart3.o(i.USART3_IRQHandler)
    USART_Cmd                                0x08002939   Thumb Code    24  stm32f10x_usart.o(i.USART_Cmd)
    USART_DeInit                             0x08002951   Thumb Code   134  stm32f10x_usart.o(i.USART_DeInit)
    USART_GetFlagStatus                      0x080029ed   Thumb Code    26  stm32f10x_usart.o(i.USART_GetFlagStatus)
    USART_GetITStatus                        0x08002a07   Thumb Code    84  stm32f10x_usart.o(i.USART_GetITStatus)
    USART_ITConfig                           0x08002a5b   Thumb Code    74  stm32f10x_usart.o(i.USART_ITConfig)
    USART_Init                               0x08002aa5   Thumb Code   210  stm32f10x_usart.o(i.USART_Init)
    USART_ReceiveData                        0x08002b7d   Thumb Code    10  stm32f10x_usart.o(i.USART_ReceiveData)
    USART_SendData                           0x08002b87   Thumb Code     8  stm32f10x_usart.o(i.USART_SendData)
    __ARM_fpclassify                         0x08002b8f   Thumb Code    40  fpclassify.o(i.__ARM_fpclassify)
    _is_digit                                0x08002bb7   Thumb Code    14  __printf_wp.o(i._is_digit)
    _sys_exit                                0x08002bc5   Thumb Code     6  song_usart.o(i._sys_exit)
    atk_8266_check_cmd                       0x08002bcd   Thumb Code    44  song_esp8266.o(i.atk_8266_check_cmd)
    atk_8266_quit_trans                      0x08002c01   Thumb Code   100  song_esp8266.o(i.atk_8266_quit_trans)
    atk_8266_send_cmd                        0x08002c71   Thumb Code    92  song_esp8266.o(i.atk_8266_send_cmd)
    delay_init                               0x08002ce5   Thumb Code    50  song_io.o(i.delay_init)
    fputc                                    0x08002d29   Thumb Code    32  song_usart.o(i.fputc)
    main                                     0x08002d4d   Thumb Code   402  main.o(i.main)
    my_mem_init                              0x08002f89   Thumb Code    54  song_molloc.o(i.my_mem_init)
    my_mem_malloc                            0x08002fcd   Thumb Code   156  song_molloc.o(i.my_mem_malloc)
    my_mem_perused                           0x08003075   Thumb Code    54  song_molloc.o(i.my_mem_perused)
    mymalloc                                 0x080030b5   Thumb Code    34  song_molloc.o(i.mymalloc)
    mymemset                                 0x080030dd   Thumb Code    20  song_molloc.o(i.mymemset)
    u3_printf                                0x080030f1   Thumb Code    72  song_usart3.o(i.u3_printf)
    usart3_init                              0x08003141   Thumb Code   192  song_usart3.o(i.usart3_init)
    _get_lc_numeric                          0x08003211   Thumb Code    44  lc_numeric_c.o(locale$$code)
    _get_lc_ctype                            0x0800323d   Thumb Code    44  lc_ctype_c.o(locale$$code)
    _printf_fp_dec                           0x08003269   Thumb Code     4  printf1.o(x$fpl$printf1)
    __I$use$fp                               0x0800326c   Number         0  usenofp.o(x$fpl$usenofp)
    asc2_1206                                0x0800326c   Data        1140  song_lcd.o(.constdata)
    memtblsize                               0x080036e0   Data           8  song_molloc.o(.constdata)
    memblksize                               0x080036e8   Data           8  song_molloc.o(.constdata)
    memsize                                  0x080036f0   Data           8  song_molloc.o(.constdata)
    Region$$Table$$Base                      0x080037d0   Number         0  anon$$obj.o(Region$$Table)
    Region$$Table$$Limit                     0x080037f0   Number         0  anon$$obj.o(Region$$Table)
    __ctype                                  0x08003819   Data           0  lc_ctype_c.o(locale$$data)
    USART_RX_STA                             0x20000018   Data           2  song_usart.o(.data)
    __stdout                                 0x2000001c   Data           4  song_usart.o(.data)
    USART3_RX_STA                            0x20000022   Data           2  song_usart3.o(.data)
    mallco_dev                               0x20000024   Data          28  song_molloc.o(.data)
    SystemCoreClock                          0x20000040   Data           4  system_stm32f10x.o(.data)
    AHBPrescTable                            0x20000044   Data          16  system_stm32f10x.o(.data)
    USART_RX_BUF                             0x20000054   Data         200  song_usart.o(.bss)
    USART3_RX_BUF                            0x2000011c   Data         600  song_usart3.o(.bss)
    USART3_TX_BUF                            0x20000374   Data         600  song_usart3.o(.bss)
    mem1base                                 0x200005e0   Data       40960  song_molloc.o(.bss)
    mem1mapbase                              0x2000a5e0   Data        2560  song_molloc.o(.bss)
    __libspace_start                         0x2000afe0   Data          96  libspace.o(.bss)
    __temporary_stack_top$libspace           0x2000b040   Data           0  libspace.o(.bss)
    mem2base                                 0x68000000   Data       983040  song_molloc.o(.ARM.__AT_0x68000000)
    mem2mapbase                              0x680f0000   Data       61440  song_molloc.o(.ARM.__AT_0x680F0000)



==============================================================================

Memory Map of the image

  Image Entry point : 0x08000279

  Load Region LR_1 (Base: 0x08000000, Size: 0x00003970, Max: 0xffffffff, ABSOLUTE)

    Execution Region ER_RO (Base: 0x08000000, Size: 0x0000391c, Max: 0xffffffff, ABSOLUTE)

    Base Addr    Size         Type   Attr      Idx    E Section Name        Object

    0x08000000   0x00000130   Data   RO         3621    RESET               startup_stm32f10x_hd.o
    0x08000130   0x00000008   Code   RO         3713  * !!!main             c_w.l(__main.o)
    0x08000138   0x00000034   Code   RO         4003    !!!scatter          c_w.l(__scatter.o)
    0x0800016c   0x0000001a   Code   RO         4005    !!handler_copy      c_w.l(__scatter_copy.o)
    0x08000186   0x00000002   PAD
    0x08000188   0x0000001c   Code   RO         4007    !!handler_zi        c_w.l(__scatter_zi.o)
    0x080001a4   0x00000000   Code   RO         3706    .ARM.Collect$$_printf_percent$$00000000  c_w.l(_printf_percent.o)
    0x080001a4   0x00000006   Code   RO         3767    .ARM.Collect$$_printf_percent$$00000001  c_w.l(_printf_n.o)
    0x080001aa   0x00000006   Code   RO         3769    .ARM.Collect$$_printf_percent$$00000002  c_w.l(_printf_p.o)
    0x080001b0   0x00000006   Code   RO         3774    .ARM.Collect$$_printf_percent$$00000003  c_w.l(_printf_f.o)
    0x080001b6   0x00000006   Code   RO         3775    .ARM.Collect$$_printf_percent$$00000004  c_w.l(_printf_e.o)
    0x080001bc   0x00000006   Code   RO         3776    .ARM.Collect$$_printf_percent$$00000005  c_w.l(_printf_g.o)
    0x080001c2   0x00000006   Code   RO         3777    .ARM.Collect$$_printf_percent$$00000006  c_w.l(_printf_a.o)
    0x080001c8   0x0000000a   Code   RO         3782    .ARM.Collect$$_printf_percent$$00000007  c_w.l(_printf_ll.o)
    0x080001d2   0x00000006   Code   RO         3771    .ARM.Collect$$_printf_percent$$00000008  c_w.l(_printf_i.o)
    0x080001d8   0x00000006   Code   RO         3772    .ARM.Collect$$_printf_percent$$00000009  c_w.l(_printf_d.o)
    0x080001de   0x00000006   Code   RO         3773    .ARM.Collect$$_printf_percent$$0000000A  c_w.l(_printf_u.o)
    0x080001e4   0x00000006   Code   RO         3770    .ARM.Collect$$_printf_percent$$0000000B  c_w.l(_printf_o.o)
    0x080001ea   0x00000006   Code   RO         3768    .ARM.Collect$$_printf_percent$$0000000C  c_w.l(_printf_x.o)
    0x080001f0   0x00000006   Code   RO         3779    .ARM.Collect$$_printf_percent$$0000000D  c_w.l(_printf_lli.o)
    0x080001f6   0x00000006   Code   RO         3780    .ARM.Collect$$_printf_percent$$0000000E  c_w.l(_printf_lld.o)
    0x080001fc   0x00000006   Code   RO         3781    .ARM.Collect$$_printf_percent$$0000000F  c_w.l(_printf_llu.o)
    0x08000202   0x00000006   Code   RO         3786    .ARM.Collect$$_printf_percent$$00000010  c_w.l(_printf_llo.o)
    0x08000208   0x00000006   Code   RO         3787    .ARM.Collect$$_printf_percent$$00000011  c_w.l(_printf_llx.o)
    0x0800020e   0x0000000a   Code   RO         3783    .ARM.Collect$$_printf_percent$$00000012  c_w.l(_printf_l.o)
    0x08000218   0x00000006   Code   RO         3766    .ARM.Collect$$_printf_percent$$00000013  c_w.l(_printf_c.o)
    0x0800021e   0x00000006   Code   RO         3705    .ARM.Collect$$_printf_percent$$00000014  c_w.l(_printf_s.o)
    0x08000224   0x00000006   Code   RO         3784    .ARM.Collect$$_printf_percent$$00000015  c_w.l(_printf_lc.o)
    0x0800022a   0x00000006   Code   RO         3785    .ARM.Collect$$_printf_percent$$00000016  c_w.l(_printf_ls.o)
    0x08000230   0x00000004   Code   RO         3778    .ARM.Collect$$_printf_percent$$00000017  c_w.l(_printf_percent_end.o)
    0x08000234   0x00000002   Code   RO         3867    .ARM.Collect$$libinit$$00000000  c_w.l(libinit.o)
    0x08000236   0x00000000   Code   RO         3884    .ARM.Collect$$libinit$$00000002  c_w.l(libinit2.o)
    0x08000236   0x00000000   Code   RO         3886    .ARM.Collect$$libinit$$00000004  c_w.l(libinit2.o)
    0x08000236   0x00000000   Code   RO         3889    .ARM.Collect$$libinit$$0000000A  c_w.l(libinit2.o)
    0x08000236   0x00000000   Code   RO         3891    .ARM.Collect$$libinit$$0000000C  c_w.l(libinit2.o)
    0x08000236   0x00000000   Code   RO         3893    .ARM.Collect$$libinit$$0000000E  c_w.l(libinit2.o)
    0x08000236   0x00000006   Code   RO         3894    .ARM.Collect$$libinit$$0000000F  c_w.l(libinit2.o)
    0x0800023c   0x00000000   Code   RO         3896    .ARM.Collect$$libinit$$00000011  c_w.l(libinit2.o)
    0x0800023c   0x0000000c   Code   RO         3897    .ARM.Collect$$libinit$$00000012  c_w.l(libinit2.o)
    0x08000248   0x00000000   Code   RO         3898    .ARM.Collect$$libinit$$00000013  c_w.l(libinit2.o)
    0x08000248   0x00000000   Code   RO         3900    .ARM.Collect$$libinit$$00000015  c_w.l(libinit2.o)
    0x08000248   0x0000000a   Code   RO         3901    .ARM.Collect$$libinit$$00000016  c_w.l(libinit2.o)
    0x08000252   0x00000000   Code   RO         3902    .ARM.Collect$$libinit$$00000017  c_w.l(libinit2.o)
    0x08000252   0x00000000   Code   RO         3904    .ARM.Collect$$libinit$$00000019  c_w.l(libinit2.o)
    0x08000252   0x00000000   Code   RO         3906    .ARM.Collect$$libinit$$0000001B  c_w.l(libinit2.o)
    0x08000252   0x00000000   Code   RO         3908    .ARM.Collect$$libinit$$0000001D  c_w.l(libinit2.o)
    0x08000252   0x00000000   Code   RO         3910    .ARM.Collect$$libinit$$0000001F  c_w.l(libinit2.o)
    0x08000252   0x00000000   Code   RO         3912    .ARM.Collect$$libinit$$00000021  c_w.l(libinit2.o)
    0x08000252   0x00000000   Code   RO         3914    .ARM.Collect$$libinit$$00000023  c_w.l(libinit2.o)
    0x08000252   0x00000000   Code   RO         3916    .ARM.Collect$$libinit$$00000025  c_w.l(libinit2.o)
    0x08000252   0x00000000   Code   RO         3920    .ARM.Collect$$libinit$$0000002C  c_w.l(libinit2.o)
    0x08000252   0x00000000   Code   RO         3922    .ARM.Collect$$libinit$$0000002E  c_w.l(libinit2.o)
    0x08000252   0x00000000   Code   RO         3924    .ARM.Collect$$libinit$$00000030  c_w.l(libinit2.o)
    0x08000252   0x00000000   Code   RO         3926    .ARM.Collect$$libinit$$00000032  c_w.l(libinit2.o)
    0x08000252   0x00000002   Code   RO         3927    .ARM.Collect$$libinit$$00000033  c_w.l(libinit2.o)
    0x08000254   0x00000002   Code   RO         3945    .ARM.Collect$$libshutdown$$00000000  c_w.l(libshutdown.o)
    0x08000256   0x00000000   Code   RO         3955    .ARM.Collect$$libshutdown$$00000002  c_w.l(libshutdown2.o)
    0x08000256   0x00000000   Code   RO         3957    .ARM.Collect$$libshutdown$$00000004  c_w.l(libshutdown2.o)
    0x08000256   0x00000000   Code   RO         3960    .ARM.Collect$$libshutdown$$00000007  c_w.l(libshutdown2.o)
    0x08000256   0x00000000   Code   RO         3963    .ARM.Collect$$libshutdown$$0000000A  c_w.l(libshutdown2.o)
    0x08000256   0x00000000   Code   RO         3965    .ARM.Collect$$libshutdown$$0000000C  c_w.l(libshutdown2.o)
    0x08000256   0x00000000   Code   RO         3968    .ARM.Collect$$libshutdown$$0000000F  c_w.l(libshutdown2.o)
    0x08000256   0x00000002   Code   RO         3969    .ARM.Collect$$libshutdown$$00000010  c_w.l(libshutdown2.o)
    0x08000258   0x00000000   Code   RO         3717    .ARM.Collect$$rtentry$$00000000  c_w.l(__rtentry.o)
    0x08000258   0x00000000   Code   RO         3791    .ARM.Collect$$rtentry$$00000002  c_w.l(__rtentry2.o)
    0x08000258   0x00000006   Code   RO         3803    .ARM.Collect$$rtentry$$00000004  c_w.l(__rtentry4.o)
    0x0800025e   0x00000000   Code   RO         3793    .ARM.Collect$$rtentry$$00000009  c_w.l(__rtentry2.o)
    0x0800025e   0x00000004   Code   RO         3794    .ARM.Collect$$rtentry$$0000000A  c_w.l(__rtentry2.o)
    0x08000262   0x00000000   Code   RO         3796    .ARM.Collect$$rtentry$$0000000C  c_w.l(__rtentry2.o)
    0x08000262   0x00000008   Code   RO         3797    .ARM.Collect$$rtentry$$0000000D  c_w.l(__rtentry2.o)
    0x0800026a   0x00000002   Code   RO         3876    .ARM.Collect$$rtexit$$00000000  c_w.l(rtexit.o)
    0x0800026c   0x00000000   Code   RO         3929    .ARM.Collect$$rtexit$$00000002  c_w.l(rtexit2.o)
    0x0800026c   0x00000004   Code   RO         3930    .ARM.Collect$$rtexit$$00000003  c_w.l(rtexit2.o)
    0x08000270   0x00000006   Code   RO         3931    .ARM.Collect$$rtexit$$00000004  c_w.l(rtexit2.o)
    0x08000276   0x00000002   PAD
    0x08000278   0x00000040   Code   RO         3622  * .text               startup_stm32f10x_hd.o
    0x080002b8   0x00000002   Code   RO         3669    .text               c_w.l(use_no_semi_2.o)
    0x080002ba   0x00000002   PAD
    0x080002bc   0x00000024   Code   RO         3671    .text               c_w.l(c89vsprintf.o)
    0x080002e0   0x00000018   Code   RO         3673    .text               c_w.l(__2printf.o)
    0x080002f8   0x0000002c   Code   RO         3675    .text               c_w.l(__2sprintf.o)
    0x08000324   0x00000052   Code   RO         3683    .text               c_w.l(_printf_str.o)
    0x08000376   0x00000002   PAD
    0x08000378   0x00000188   Code   RO         3702    .text               c_w.l(__printf_flags_ss_wp.o)
    0x08000500   0x00000024   Code   RO         3707    .text               c_w.l(strstr.o)
    0x08000524   0x0000003e   Code   RO         3709    .text               c_w.l(strlen.o)
    0x08000562   0x00000006   Code   RO         3711    .text               c_w.l(heapauxi.o)
    0x08000568   0x00000002   Code   RO         3715    .text               c_w.l(use_no_semi.o)
    0x0800056a   0x0000004e   Code   RO         3718    .text               c_w.l(_printf_pad.o)
    0x080005b8   0x00000024   Code   RO         3720    .text               c_w.l(_printf_truncate.o)
    0x080005dc   0x00000078   Code   RO         3722    .text               c_w.l(_printf_dec.o)
    0x08000654   0x00000028   Code   RO         3724    .text               c_w.l(_printf_charcount.o)
    0x0800067c   0x00000030   Code   RO         3726    .text               c_w.l(_printf_char_common.o)
    0x080006ac   0x0000000a   Code   RO         3728    .text               c_w.l(_sputc.o)
    0x080006b6   0x0000002c   Code   RO         3730    .text               c_w.l(_printf_char.o)
    0x080006e2   0x00000002   PAD
    0x080006e4   0x00000024   Code   RO         3732    .text               c_w.l(_printf_char_file.o)
    0x08000708   0x000000bc   Code   RO         3734    .text               c_w.l(_printf_wctomb.o)
    0x080007c4   0x0000007c   Code   RO         3737    .text               c_w.l(_printf_longlong_dec.o)
    0x08000840   0x00000070   Code   RO         3743    .text               c_w.l(_printf_oct_int_ll.o)
    0x080008b0   0x00000094   Code   RO         3763    .text               c_w.l(_printf_hex_int_ll_ptr.o)
    0x08000944   0x0000008a   Code   RO         3805    .text               c_w.l(lludiv10.o)
    0x080009ce   0x000000b2   Code   RO         3807    .text               c_w.l(_printf_intcommon.o)
    0x08000a80   0x0000041a   Code   RO         3809    .text               c_w.l(_printf_fp_dec.o)
    0x08000e9a   0x0000002c   Code   RO         3813    .text               c_w.l(_printf_wchar.o)
    0x08000ec6   0x00000008   Code   RO         3815    .text               c_w.l(ferror.o)
    0x08000ece   0x00000040   Code   RO         3819    .text               c_w.l(_wcrtomb.o)
    0x08000f0e   0x0000004a   Code   RO         3821    .text               c_w.l(sys_stackheap_outer.o)
    0x08000f58   0x00000010   Code   RO         3823    .text               c_w.l(rt_ctype_table.o)
    0x08000f68   0x00000008   Code   RO         3828    .text               c_w.l(rt_locale_intlibspace.o)
    0x08000f70   0x00000080   Code   RO         3830    .text               c_w.l(_printf_fp_infnan.o)
    0x08000ff0   0x000000dc   Code   RO         3832    .text               c_w.l(bigflt0.o)
    0x080010cc   0x00000012   Code   RO         3860    .text               c_w.l(exit.o)
    0x080010de   0x00000002   PAD
    0x080010e0   0x00000008   Code   RO         3873    .text               c_w.l(libspace.o)
    0x080010e8   0x00000080   Code   RO         3881    .text               c_w.l(strcmpv7m.o)
    0x08001168   0x0000003e   Code   RO         3835    CL$$btod_d2e        c_w.l(btod.o)
    0x080011a6   0x00000046   Code   RO         3837    CL$$btod_d2e_denorm_low  c_w.l(btod.o)
    0x080011ec   0x00000060   Code   RO         3836    CL$$btod_d2e_norm_op1  c_w.l(btod.o)
    0x0800124c   0x00000338   Code   RO         3845    CL$$btod_div_common  c_w.l(btod.o)
    0x08001584   0x000000c6   Code   RO         3842    CL$$btod_e2e        c_w.l(btod.o)
    0x0800164a   0x00000028   Code   RO         3839    CL$$btod_ediv       c_w.l(btod.o)
    0x08001672   0x00000028   Code   RO         3838    CL$$btod_emul       c_w.l(btod.o)
    0x0800169a   0x00000244   Code   RO         3844    CL$$btod_mult_common  c_w.l(btod.o)
    0x080018de   0x00000002   PAD
    0x080018e0   0x00000038   Code   RO         3156    i.BKey_Init         nano_broad.o
    0x08001918   0x00000058   Code   RO         3157    i.BLed_Init         nano_broad.o
    0x08001970   0x00000044   Code   RO         3158    i.EXTI0_IRQHandler  nano_broad.o
    0x080019b4   0x00000048   Code   RO         3159    i.EXTI15_10_IRQHandler  nano_broad.o
    0x080019fc   0x0000000c   Code   RO          887    i.EXTI_ClearITPendingBit  stm32f10x_exti.o
    0x08001a08   0x00000028   Code   RO          891    i.EXTI_GetITStatus  stm32f10x_exti.o
    0x08001a30   0x00000034   Code   RO         1125    i.FSMC_NORSRAMCmd   stm32f10x_fsmc.o
    0x08001a64   0x000000e6   Code   RO         1127    i.FSMC_NORSRAMInit  stm32f10x_fsmc.o
    0x08001b4a   0x00000116   Code   RO         1240    i.GPIO_Init         stm32f10x_gpio.o
    0x08001c60   0x00000012   Code   RO         1244    i.GPIO_ReadInputDataBit  stm32f10x_gpio.o
    0x08001c72   0x00000004   Code   RO         1247    i.GPIO_ResetBits    stm32f10x_gpio.o
    0x08001c76   0x00000004   Code   RO         1248    i.GPIO_SetBits      stm32f10x_gpio.o
    0x08001c7a   0x00000002   PAD
    0x08001c7c   0x0000006c   Code   RO         3196    i.LCD_Clear         song_lcd.o
    0x08001ce8   0x00000014   Code   RO         3197    i.LCD_Config        song_lcd.o
    0x08001cfc   0x00000074   Code   RO         3201    i.LCD_DispChar      song_lcd.o
    0x08001d70   0x0000003c   Code   RO         3202    i.LCD_DispStr       song_lcd.o
    0x08001dac   0x0000005c   Code   RO         3205    i.LCD_FSMC_Config   song_lcd.o
    0x08001e08   0x000000c4   Code   RO         3206    i.LCD_GPIO_Config   song_lcd.o
    0x08001ecc   0x00000050   Code   RO         3208    i.LCD_OpenWindow    song_lcd.o
    0x08001f1c   0x000001e8   Code   RO         3210    i.LCD_REG_Config    song_lcd.o
    0x08002104   0x00000028   Code   RO         3212    i.LCD_Rst           song_lcd.o
    0x0800212c   0x00000012   Code   RO         3217    i.Lcd_Delay         song_lcd.o
    0x0800213e   0x00000002   PAD
    0x08002140   0x00000108   Code   RO         3218    i.Lcd_GramScan      song_lcd.o
    0x08002248   0x0000000c   Code   RO         3059    i.NVIC_Configuration  song_io.o
    0x08002254   0x00000070   Code   RO            1    i.NVIC_Init         misc.o
    0x080022c4   0x00000014   Code   RO            2    i.NVIC_PriorityGroupConfig  misc.o
    0x080022d8   0x00000020   Code   RO         1655    i.RCC_AHBPeriphClockCmd  stm32f10x_rcc.o
    0x080022f8   0x00000020   Code   RO         1656    i.RCC_APB1PeriphClockCmd  stm32f10x_rcc.o
    0x08002318   0x00000020   Code   RO         1657    i.RCC_APB1PeriphResetCmd  stm32f10x_rcc.o
    0x08002338   0x00000020   Code   RO         1658    i.RCC_APB2PeriphClockCmd  stm32f10x_rcc.o
    0x08002358   0x00000020   Code   RO         1659    i.RCC_APB2PeriphResetCmd  stm32f10x_rcc.o
    0x08002378   0x000000d4   Code   RO         1666    i.RCC_GetClocksFreq  stm32f10x_rcc.o
    0x0800244c   0x0000004c   Code   RO         3060    i.SDelayMs          song_io.o
    0x08002498   0x000000a8   Code   RO         3114    i.SUsartInit        song_usart.o
    0x08002540   0x00000008   Code   RO         3566    i.SetSysClock       system_stm32f10x.o
    0x08002548   0x000000e0   Code   RO         3567    i.SetSysClockTo72   system_stm32f10x.o
    0x08002628   0x00000028   Code   RO            5    i.SysTick_CLKSourceConfig  misc.o
    0x08002650   0x00000060   Code   RO         3569    i.SystemInit        system_stm32f10x.o
    0x080026b0   0x00000034   Code   RO         3426    i.TIM7_IRQHandler   song_time3.o
    0x080026e4   0x00000060   Code   RO         3427    i.TIM7_Int_Init     song_time3.o
    0x08002744   0x00000006   Code   RO         2285    i.TIM_ClearITPendingBit  stm32f10x_tim.o
    0x0800274a   0x00000018   Code   RO         2290    i.TIM_Cmd           stm32f10x_tim.o
    0x08002762   0x00000022   Code   RO         2311    i.TIM_GetITStatus   stm32f10x_tim.o
    0x08002784   0x00000012   Code   RO         2315    i.TIM_ITConfig      stm32f10x_tim.o
    0x08002796   0x00000004   Code   RO         2355    i.TIM_SetCounter    stm32f10x_tim.o
    0x0800279a   0x00000002   PAD
    0x0800279c   0x000000a4   Code   RO         2361    i.TIM_TimeBaseInit  stm32f10x_tim.o
    0x08002840   0x00000088   Code   RO         3115    i.USART1_IRQHandler  song_usart.o
    0x080028c8   0x00000070   Code   RO         3445    i.USART3_IRQHandler  song_usart3.o
    0x08002938   0x00000018   Code   RO         2826    i.USART_Cmd         stm32f10x_usart.o
    0x08002950   0x0000009c   Code   RO         2828    i.USART_DeInit      stm32f10x_usart.o
    0x080029ec   0x0000001a   Code   RO         2829    i.USART_GetFlagStatus  stm32f10x_usart.o
    0x08002a06   0x00000054   Code   RO         2830    i.USART_GetITStatus  stm32f10x_usart.o
    0x08002a5a   0x0000004a   Code   RO         2832    i.USART_ITConfig    stm32f10x_usart.o
    0x08002aa4   0x000000d8   Code   RO         2833    i.USART_Init        stm32f10x_usart.o
    0x08002b7c   0x0000000a   Code   RO         2840    i.USART_ReceiveData  stm32f10x_usart.o
    0x08002b86   0x00000008   Code   RO         2843    i.USART_SendData    stm32f10x_usart.o
    0x08002b8e   0x00000028   Code   RO         3871    i.__ARM_fpclassify  m_ws.l(fpclassify.o)
    0x08002bb6   0x0000000e   Code   RO         3695    i._is_digit         c_w.l(__printf_wp.o)
    0x08002bc4   0x00000006   Code   RO         3116    i._sys_exit         song_usart.o
    0x08002bca   0x00000002   PAD
    0x08002bcc   0x00000034   Code   RO         3360    i.atk_8266_check_cmd  song_esp8266.o
    0x08002c00   0x00000070   Code   RO         3362    i.atk_8266_quit_trans  song_esp8266.o
    0x08002c70   0x00000074   Code   RO         3363    i.atk_8266_send_cmd  song_esp8266.o
    0x08002ce4   0x00000044   Code   RO         3063    i.delay_init        song_io.o
    0x08002d28   0x00000024   Code   RO         3117    i.fputc             song_usart.o
    0x08002d4c   0x0000023c   Code   RO         3626    i.main              main.o
    0x08002f88   0x00000044   Code   RO         3487    i.my_mem_init       song_molloc.o
    0x08002fcc   0x000000a8   Code   RO         3488    i.my_mem_malloc     song_molloc.o
    0x08003074   0x00000040   Code   RO         3489    i.my_mem_perused    song_molloc.o
    0x080030b4   0x00000028   Code   RO         3491    i.mymalloc          song_molloc.o
    0x080030dc   0x00000014   Code   RO         3493    i.mymemset          song_molloc.o
    0x080030f0   0x00000050   Code   RO         3446    i.u3_printf         song_usart3.o
    0x08003140   0x000000d0   Code   RO         3447    i.usart3_init       song_usart3.o
    0x08003210   0x0000002c   Code   RO         3858    locale$$code        c_w.l(lc_numeric_c.o)
    0x0800323c   0x0000002c   Code   RO         3879    locale$$code        c_w.l(lc_ctype_c.o)
    0x08003268   0x00000004   Code   RO         3788    x$fpl$printf1       fz_ws.l(printf1.o)
    0x0800326c   0x00000000   Code   RO         3870    x$fpl$usenofp       fz_ws.l(usenofp.o)
    0x0800326c   0x00000474   Data   RO         3219    .constdata          song_lcd.o
    0x080036e0   0x00000018   Data   RO         3498    .constdata          song_molloc.o
    0x080036f8   0x00000011   Data   RO         3703    .constdata          c_w.l(__printf_flags_ss_wp.o)
    0x08003709   0x00000003   PAD
    0x0800370c   0x00000008   Data   RO         3735    .constdata          c_w.l(_printf_wctomb.o)
    0x08003714   0x00000028   Data   RO         3764    .constdata          c_w.l(_printf_hex_int_ll_ptr.o)
    0x0800373c   0x00000094   Data   RO         3833    .constdata          c_w.l(bigflt0.o)
    0x080037d0   0x00000020   Data   RO         4001    Region$$Table       anon$$obj.o
    0x080037f0   0x0000001c   Data   RO         3857    locale$$data        c_w.l(lc_numeric_c.o)
    0x0800380c   0x00000110   Data   RO         3878    locale$$data        c_w.l(lc_ctype_c.o)


    Execution Region ER_RW (Base: 0x20000000, Size: 0x00000054, Max: 0xffffffff, ABSOLUTE)

    Base Addr    Size         Type   Attr      Idx    E Section Name        Object

    0x20000000   0x00000014   Data   RW         1686    .data               stm32f10x_rcc.o
    0x20000014   0x00000004   Data   RW         3064    .data               song_io.o
    0x20000018   0x00000008   Data   RW         3119    .data               song_usart.o
    0x20000020   0x00000002   Data   RW         3220    .data               song_lcd.o
    0x20000022   0x00000002   Data   RW         3449    .data               song_usart3.o
    0x20000024   0x0000001c   Data   RW         3499    .data               song_molloc.o
    0x20000040   0x00000014   Data   RW         3570    .data               system_stm32f10x.o


    Execution Region ER_ZI (Base: 0x20000054, Size: 0x0000b5ec, Max: 0xffffffff, ABSOLUTE)

    Base Addr    Size         Type   Attr      Idx    E Section Name        Object

    0x20000054   0x000000c8   Zero   RW         3118    .bss                song_usart.o
    0x2000011c   0x000004b0   Zero   RW         3448    .bss                song_usart3.o
    0x200005cc   0x00000014   PAD
    0x200005e0   0x0000aa00   Zero   RW         3497    .bss                song_molloc.o
    0x2000afe0   0x00000060   Zero   RW         3874    .bss                c_w.l(libspace.o)
    0x2000b040   0x00000200   Zero   RW         3620    HEAP                startup_stm32f10x_hd.o
    0x2000b240   0x00000400   Zero   RW         3619    STACK               startup_stm32f10x_hd.o



  Load Region LR$$.ARM.__AT_0x68000000 (Base: 0x68000000, Size: 0x00000000, Max: 0x000f0000, ABSOLUTE)

    Execution Region ER$$.ARM.__AT_0x68000000 (Base: 0x68000000, Size: 0x000f0000, Max: 0x000f0000, ABSOLUTE, UNINIT)

    Base Addr    Size         Type   Attr      Idx    E Section Name        Object

    0x68000000   0x000f0000   Zero   RW         3495    .ARM.__AT_0x68000000  song_molloc.o



  Load Region LR$$.ARM.__AT_0x680F0000 (Base: 0x680f0000, Size: 0x00000000, Max: 0x0000f000, ABSOLUTE)

    Execution Region ER$$.ARM.__AT_0x680F0000 (Base: 0x680f0000, Size: 0x0000f000, Max: 0x0000f000, ABSOLUTE, UNINIT)

    Base Addr    Size         Type   Attr      Idx    E Section Name        Object

    0x680f0000   0x0000f000   Zero   RW         3496    .ARM.__AT_0x680F0000  song_molloc.o


==============================================================================

Image component sizes


      Code (inc. data)   RO Data    RW Data    ZI Data      Debug   Object Name

       572        170          0          0          0       1167   main.o
       172         22          0          0          0     262997   misc.o
       284         64          0          0          0       1774   nano_broad.o
       280         44          0          0          0       1975   song_esp8266.o
       156         22          0          4          0       1505   song_io.o
      1482         60       1140          2          0       7061   song_lcd.o
       360         42         24         28    1088000       4494   song_molloc.o
       148         16          0          0          0       1038   song_time3.o
       346         26          0          8        200       3853   song_usart.o
       400         42          0          2       1200       2854   song_usart3.o
        64         26        304          0       1536        864   startup_stm32f10x_hd.o
        52         12          0          0          0       1116   stm32f10x_exti.o
       282          6          0          0          0       1801   stm32f10x_fsmc.o
       304          0          0          0          0       3632   stm32f10x_gpio.o
       372         50          0         20          0       6072   stm32f10x_rcc.o
       250         42          0          0          0       4047   stm32f10x_tim.o
       598         28          0          0          0       6728   stm32f10x_usart.o
       328         28          0         20          0       2341   system_stm32f10x.o

    ----------------------------------------------------------------------
      6458        700       1500         84    1090956     315319   Object Totals
         0          0         32          0          0          0   (incl. Generated)
         8          0          0          0         20          0   (incl. Padding)

    ----------------------------------------------------------------------

      Code (inc. data)   RO Data    RW Data    ZI Data      Debug   Library Member Name

        24          4          0          0          0         84   __2printf.o
        44          6          0          0          0         84   __2sprintf.o
         8          0          0          0          0         68   __main.o
       392          4         17          0          0         92   __printf_flags_ss_wp.o
        14          0          0          0          0         68   __printf_wp.o
         0          0          0          0          0          0   __rtentry.o
        12          0          0          0          0          0   __rtentry2.o
         6          0          0          0          0          0   __rtentry4.o
        52          8          0          0          0          0   __scatter.o
        26          0          0          0          0          0   __scatter_copy.o
        28          0          0          0          0          0   __scatter_zi.o
         6          0          0          0          0          0   _printf_a.o
         6          0          0          0          0          0   _printf_c.o
        44          0          0          0          0        108   _printf_char.o
        48          6          0          0          0         96   _printf_char_common.o
        36          4          0          0          0         80   _printf_char_file.o
        40          0          0          0          0         68   _printf_charcount.o
         6          0          0          0          0          0   _printf_d.o
       120         16          0          0          0         92   _printf_dec.o
         6          0          0          0          0          0   _printf_e.o
         6          0          0          0          0          0   _printf_f.o
      1050          0          0          0          0        216   _printf_fp_dec.o
       128         16          0          0          0         84   _printf_fp_infnan.o
         6          0          0          0          0          0   _printf_g.o
       148          4         40          0          0        160   _printf_hex_int_ll_ptr.o
         6          0          0          0          0          0   _printf_i.o
       178          0          0          0          0         88   _printf_intcommon.o
        10          0          0          0          0          0   _printf_l.o
         6          0          0          0          0          0   _printf_lc.o
        10          0          0          0          0          0   _printf_ll.o
         6          0          0          0          0          0   _printf_lld.o
         6          0          0          0          0          0   _printf_lli.o
         6          0          0          0          0          0   _printf_llo.o
         6          0          0          0          0          0   _printf_llu.o
         6          0          0          0          0          0   _printf_llx.o
       124         16          0          0          0         92   _printf_longlong_dec.o
         6          0          0          0          0          0   _printf_ls.o
         6          0          0          0          0          0   _printf_n.o
         6          0          0          0          0          0   _printf_o.o
       112          8          0          0          0        124   _printf_oct_int_ll.o
         6          0          0          0          0          0   _printf_p.o
        78          0          0          0          0        108   _printf_pad.o
         0          0          0          0          0          0   _printf_percent.o
         4          0          0          0          0          0   _printf_percent_end.o
         6          0          0          0          0          0   _printf_s.o
        82          0          0          0          0         80   _printf_str.o
        36          0          0          0          0         84   _printf_truncate.o
         6          0          0          0          0          0   _printf_u.o
        44          0          0          0          0        108   _printf_wchar.o
       188          6          8          0          0         92   _printf_wctomb.o
         6          0          0          0          0          0   _printf_x.o
        10          0          0          0          0         68   _sputc.o
        64          0          0          0          0         92   _wcrtomb.o
       220          4        148          0          0         96   bigflt0.o
      1910        128          0          0          0        672   btod.o
        36          4          0          0          0         76   c89vsprintf.o
        18          0          0          0          0         80   exit.o
         8          0          0          0          0         68   ferror.o
         6          0          0          0          0        152   heapauxi.o
        44         10        272          0          0         76   lc_ctype_c.o
        44         10         28          0          0         76   lc_numeric_c.o
         2          0          0          0          0          0   libinit.o
        30          0          0          0          0          0   libinit2.o
         2          0          0          0          0          0   libshutdown.o
         2          0          0          0          0          0   libshutdown2.o
         8          4          0          0         96         68   libspace.o
       138          0          0          0          0         80   lludiv10.o
        16          4          0          0          0         76   rt_ctype_table.o
         8          4          0          0          0         68   rt_locale_intlibspace.o
         2          0          0          0          0          0   rtexit.o
        10          0          0          0          0          0   rtexit2.o
       128          0          0          0          0         68   strcmpv7m.o
        62          0          0          0          0         76   strlen.o
        36          0          0          0          0         80   strstr.o
        74          0          0          0          0         80   sys_stackheap_outer.o
         2          0          0          0          0         68   use_no_semi.o
         2          0          0          0          0         68   use_no_semi_2.o
         4          0          0          0          0         68   printf1.o
         0          0          0          0          0          0   usenofp.o
        40          0          0          0          0         68   fpclassify.o

    ----------------------------------------------------------------------
      6146        266        516          0         96       4400   Library Totals
        14          0          3          0          0          0   (incl. Padding)

    ----------------------------------------------------------------------

      Code (inc. data)   RO Data    RW Data    ZI Data      Debug   Library Name

      6088        266        513          0         96       4264   c_w.l
         4          0          0          0          0         68   fz_ws.l
        40          0          0          0          0         68   m_ws.l

    ----------------------------------------------------------------------
      6146        266        516          0         96       4400   Library Totals

    ----------------------------------------------------------------------

==============================================================================


      Code (inc. data)   RO Data    RW Data    ZI Data      Debug   

     12604        966       2016         84    1091052     313891   Grand Totals
     12604        966       2016         84    1091052     313891   ELF Image Totals
     12604        966       2016         84          0          0   ROM Totals

==============================================================================

    Total RO  Size (Code + RO Data)                14620 (  14.28kB)
    Total RW  Size (RW Data + ZI Data)           1091136 (1065.56kB)
    Total ROM Size (Code + RO Data + RW Data)      14704 (  14.36kB)

==============================================================================

